Component: ARM Compiler 5.06 update 6 (build 750) Tool: armlink [4d35ed]

==============================================================================

Section Cross References

    wrapper.o(i.main) refers to _printf_percent.o(.ARM.Collect$$_printf_percent$$00000000) for _printf_percent
    wrapper.o(i.main) refers to _printf_d.o(.ARM.Collect$$_printf_percent$$00000009) for _printf_d
    wrapper.o(i.main) refers to _printf_dec.o(.text) for _printf_int_dec
    wrapper.o(i.main) refers to log.o(i.log) for log
    wrapper.o(i.main) refers to ddiv.o(x$fpl$ddiv) for __aeabi_ddiv
    wrapper.o(i.main) refers to ceil.o(i.ceil) for ceil
    wrapper.o(i.main) refers to dfix.o(x$fpl$dfix) for __aeabi_d2iz
    wrapper.o(i.main) refers to h1_alloc.o(.text) for malloc
    wrapper.o(i.main) refers to noretval__2printf.o(.text) for __2printf
    wrapper.o(i.main) refers to h1_free.o(.text) for free
    wrapper.o(i.main) refers to rand.o(.text) for srand
    wrapper.o(i.main) refers to rand.o(.emb_text) for rand
    wrapper.o(i.main) refers to f3_operations.o(Program) for F3_add
    wrapper.o(i.main) refers to f5_operations.o(Program) for F5_add
    wrapper.o(i.main) refers to f7_operations.o(Program) for F7_add
    wrapper.o(i.main) refers to memcmp.o(.text) for memcmp
    f7_operations.o(Program) refers to f7_operations.o(globalvars) for extra_storage
    retarget_io.o(i.ITM_ReceiveChar) refers to retarget_io.o(.data) for ITM_RxBuffer
    retarget_io.o(i._sys_open) refers to strcmpv7m.o(.text) for strcmp
    retarget_io.o(i._sys_read) refers to retarget_io.o(i.stdin_getchar) for stdin_getchar
    retarget_io.o(i._sys_write) refers to retarget_io.o(i.stdout_putchar) for stdout_putchar
    retarget_io.o(i._sys_write) refers to retarget_io.o(i.stderr_putchar) for stderr_putchar
    retarget_io.o(i.stderr_putchar) refers to retarget_io.o(i.ITM_SendChar) for ITM_SendChar
    retarget_io.o(i.stdin_getchar) refers to retarget_io.o(i.ITM_ReceiveChar) for ITM_ReceiveChar
    retarget_io.o(i.stdout_putchar) refers to retarget_io.o(i.ITM_SendChar) for ITM_SendChar
    startup_armcm4.o(STACK) refers (Special) to heapauxi.o(.text) for __use_two_region_memory
    startup_armcm4.o(HEAP) refers (Special) to heapauxi.o(.text) for __use_two_region_memory
    startup_armcm4.o(RESET) refers (Special) to heapauxi.o(.text) for __use_two_region_memory
    startup_armcm4.o(RESET) refers to startup_armcm4.o(STACK) for __initial_sp
    startup_armcm4.o(RESET) refers to startup_armcm4.o(.text) for Reset_Handler
    startup_armcm4.o(.text) refers (Special) to heapauxi.o(.text) for __use_two_region_memory
    startup_armcm4.o(.text) refers to __main.o(!!!main) for __main
    startup_armcm4.o(.text) refers to startup_armcm4.o(HEAP) for Heap_Mem
    startup_armcm4.o(.text) refers to startup_armcm4.o(STACK) for Stack_Mem
    system_armcm4.o(i.SystemCoreClockUpdate) refers to system_armcm4.o(.data) for SystemCoreClock
    system_armcm4.o(i.SystemInit) refers to startup_armcm4.o(RESET) for __Vectors
    system_armcm4.o(i.SystemInit) refers to system_armcm4.o(.data) for SystemCoreClock
    malloc.o(.text) refers (Special) to hguard.o(.text) for __heap$guard
    malloc.o(.text) refers (Special) to init_alloc.o(.text) for _init_alloc
    malloc.o(.text) refers to rt_heap_descriptor_intlibspace.o(.text) for __rt_heap_descriptor
    malloc.o(.text) refers to heapstubs.o(.text) for __Heap_Alloc
    free.o(.text) refers (Special) to hguard.o(.text) for __heap$guard
    free.o(.text) refers to rt_heap_descriptor_intlibspace.o(.text) for __rt_heap_descriptor
    free.o(.text) refers to heapstubs.o(.text) for __Heap_Free
    h1_alloc.o(.text) refers (Special) to h1_init.o(.text) for __Heap_Initialize
    h1_alloc.o(.text) refers to rt_heap_descriptor_intlibspace.o(.text) for __rt_heap_descriptor
    h1_alloc.o(.text) refers to init_alloc.o(.text) for __Heap_Full
    h1_free.o(.text) refers to rt_heap_descriptor_intlibspace.o(.text) for __rt_heap_descriptor
    h1_alloc_mt.o(.text) refers (Special) to h1_init.o(.text) for __Heap_Initialize
    h1_alloc_mt.o(.text) refers to init_alloc.o(.text) for __Heap_Full
    h1_alloc_mt.o(.text) refers to rt_heap_descriptor_intlibspace.o(.text) for __rt_heap_descriptor
    h1_free_mt.o(.text) refers to rt_heap_descriptor_intlibspace.o(.text) for __rt_heap_descriptor
    heap2.o(i._FDIterate) refers to heap2.o(.conststring) for .conststring
    heap2.o(i.___Heap_ProvideMemory$realtime) refers to fdtree.o(i._FDTree_Delete) for _FDTree_Delete
    heap2.o(i.___Heap_ProvideMemory$realtime) refers to fdtree.o(i._FDTree_Insert) for _FDTree_Insert
    heap2.o(i.___Heap_Stats$realtime) refers to heap2.o(i._Heap2_StatsIterate) for _Heap2_StatsIterate
    heap2.o(i.___Heap_Valid$realtime) refers to heap2.o(i._FDIterate) for _FDIterate
    heap2.o(i.___Heap_Valid$realtime) refers to heap2.o(.conststring) for .conststring
    heap2.o(i._free$realtime) refers to rt_heap_descriptor_intlibspace.o(.text) for __rt_heap_descriptor
[...]
    libshutdown2.o(.ARM.Collect$$libshutdown$$0000000D) refers (Weak) to term_alloc.o(.text) for _terminate_alloc
    flsbuf_fwide.o(.text) refers to flsbuf.o(.text) for __flsbuf
    retnan.o(x$fpl$retnan) refers (Special) to usenofp.o(x$fpl$usenofp) for __I$use$fp
    retnan.o(x$fpl$retnan) refers to trapv.o(x$fpl$trapveneer) for __fpl_cmpreturn
    sys_exit.o(.text) refers (Special) to use_no_semi.o(.text) for __I$use$semihosting
    sys_exit.o(.text) refers (Special) to indicate_semi.o(.text) for __semihosting_library_function
    rtexit.o(.ARM.Collect$$rtexit$$00000000) refers (Special) to rtexit2.o(.ARM.Collect$$rtexit$$00000004) for __rt_exit_exit
    rtexit.o(.ARM.Collect$$rtexit$$00000000) refers (Special) to rtexit2.o(.ARM.Collect$$rtexit$$00000003) for __rt_exit_ls
    rtexit.o(.ARM.Collect$$rtexit$$00000000) refers (Special) to rtexit2.o(.ARM.Collect$$rtexit$$00000002) for __rt_exit_prels_1
    rtexit.o(.ARM.exidx) refers (Special) to rtexit2.o(.ARM.Collect$$rtexit$$00000004) for __rt_exit_exit
    rtexit.o(.ARM.exidx) refers (Special) to rtexit2.o(.ARM.Collect$$rtexit$$00000003) for __rt_exit_ls
    rtexit.o(.ARM.exidx) refers (Special) to rtexit2.o(.ARM.Collect$$rtexit$$00000002) for __rt_exit_prels_1
    rtexit.o(.ARM.exidx) refers to rtexit.o(.ARM.Collect$$rtexit$$00000000) for .ARM.Collect$$rtexit$$00000000
    _printf_char_file_locked.o(.text) refers to _printf_char_common.o(.text) for _printf_char_common
    _printf_char_file_locked.o(.text) refers to fputc.o(i._fputc$unlocked) for _fputc$unlocked
    fseek.o(.text) refers to retarget_io.o(i._sys_istty) for _sys_istty
    fseek.o(.text) refers to ftell.o(.text) for _ftell_internal
    fseek.o(.text) refers to retarget_io.o(i._sys_flen) for _sys_flen
    fseek.o(.text) refers to stdio.o(.text) for _seterr
    stdio.o(.text) refers to retarget_io.o(i._sys_seek) for _sys_seek
    stdio.o(.text) refers to retarget_io.o(i._sys_write) for _sys_write
    fwritefast.o(.text) refers to stdio.o(.text) for _writebuf
    fwritefast.o(.text) refers to flsbuf.o(.text) for __flsbuf_byte
    fwritefast.o(.text) refers to rt_memcpy_v6.o(.text) for __aeabi_memcpy
    fwritefast_locked.o(.text) refers to stdio.o(.text) for _writebuf
    fwritefast_locked.o(.text) refers to flsbuf.o(.text) for __flsbuf_byte
    fwritefast_locked.o(.text) refers to rt_memcpy_v6.o(.text) for __aeabi_memcpy
    __raise.o(.text) refers to defsig.o(CL$$defsig) for __default_signal_handler
    defsig_general.o(.text) refers to sys_wrch.o(.text) for _ttywrch
    defsig_rtred_inner.o(.text) refers to defsig_general.o(.text) for __default_signal_display
    assert_stdio.o(.text) refers to fputs.o(.text) for fputs
    assert_stdio.o(.text) refers to fflush.o(.text) for fflush
    assert_stdio.o(.text) refers to stdio_streams.o(.bss) for __stderr
    trapv.o(x$fpl$trapveneer) refers (Special) to usenofp.o(x$fpl$usenofp) for __I$use$fp
    sys_wrch.o(.text) refers (Special) to use_no_semi.o(.text) for __I$use$semihosting
    sys_wrch.o(.text) refers (Special) to indicate_semi.o(.text) for __semihosting_library_function
    rtexit2.o(.ARM.Collect$$rtexit$$00000003) refers to libshutdown.o(.ARM.Collect$$libshutdown$$00000000) for __rt_lib_shutdown
    rtexit2.o(.ARM.Collect$$rtexit$$00000004) refers to sys_exit.o(.text) for _sys_exit
    rtexit2.o(.ARM.exidx) refers to rtexit2.o(.ARM.Collect$$rtexit$$00000001) for .ARM.Collect$$rtexit$$00000001
    rtexit2.o(.ARM.exidx) refers to rtexit2.o(.ARM.Collect$$rtexit$$00000003) for .ARM.Collect$$rtexit$$00000003
    rtexit2.o(.ARM.exidx) refers to rtexit2.o(.ARM.Collect$$rtexit$$00000004) for .ARM.Collect$$rtexit$$00000004
    fflush.o(.text) refers to stdio.o(.text) for _fflush
    fflush.o(.text) refers to fseek.o(.text) for _fseek
    fflush.o(.text) refers to stdio_streams.o(.bss) for __stdin
    fputs.o(.text) refers to fputc.o(i.fputc) for fputc
    ftell.o(.text) refers to rt_errno_addr_intlibspace.o(.text) for __aeabi_errno_addr
    fflush_locked.o(.text) refers to stdio.o(.text) for _fflush
    fflush_locked.o(.text) refers to fseek.o(.text) for _fseek
    fflush_locked.o(.text) refers to fflush.o(.text) for _do_fflush
    fflush_locked.o(.text) refers to streamlock.o(.data) for _stream_list_lock
    fflush_locked.o(.text) refers to stdio_streams.o(.bss) for __stdin
    defsig.o(CL$$defsig) refers to defsig_rtred_inner.o(.text) for __rt_SIGRTRED_inner
    defsig.o(CL$$defsig) refers to defsig_rtmem_inner.o(.text) for __rt_SIGRTMEM_inner
    rt_memcpy_v6.o(.text) refers to rt_memcpy_w.o(.text) for __aeabi_memcpy4
    defsig_abrt_inner.o(.text) refers to defsig_general.o(.text) for __default_signal_display
    defsig_fpe_inner.o(.text) refers to defsig_general.o(.text) for __default_signal_display
    defsig_stak_inner.o(.text) refers to defsig_general.o(.text) for __default_signal_display
    defsig_pvfn_inner.o(.text) refers to defsig_general.o(.text) for __default_signal_display
    defsig_cppl_inner.o(.text) refers to defsig_general.o(.text) for __default_signal_display
    defsig_segv_inner.o(.text) refers to defsig_general.o(.text) for __default_signal_display
    defsig_other.o(.text) refers to defsig_general.o(.text) for __default_signal_display
    libshutdown.o(.ARM.Collect$$libshutdown$$00000000) refers (Special) to libshutdown2.o(.ARM.Collect$$libshutdown$$00000002) for __rt_lib_shutdown_cpp_1
    libshutdown.o(.ARM.Collect$$libshutdown$$00000000) refers (Special) to libshutdown2.o(.ARM.Collect$$libshutdown$$00000007) for __rt_lib_shutdown_fp_trap_1
    libshutdown.o(.ARM.Collect$$libshutdown$$00000000) refers (Special) to libshutdown2.o(.ARM.Collect$$libshutdown$$0000000F) for __rt_lib_shutdown_heap_1
    libshutdown.o(.ARM.Collect$$libshutdown$$00000000) refers (Special) to libshutdown2.o(.ARM.Collect$$libshutdown$$00000010) for __rt_lib_shutdown_return
    libshutdown.o(.ARM.Collect$$libshutdown$$00000000) refers (Special) to libshutdown2.o(.ARM.Collect$$libshutdown$$0000000A) for __rt_lib_shutdown_signal_1
    libshutdown.o(.ARM.Collect$$libshutdown$$00000000) refers (Special) to libshutdown2.o(.ARM.Collect$$libshutdown$$00000004) for __rt_lib_shutdown_stdio_1
    libshutdown.o(.ARM.Collect$$libshutdown$$00000000) refers (Special) to libshutdown2.o(.ARM.Collect$$libshutdown$$0000000C) for __rt_lib_shutdown_user_alloc_1


==============================================================================

Removing Unused input sections from the image.

    Removing retarget_io.o(i.ITM_ReceiveChar), (36 bytes).
    Removing retarget_io.o(i._sys_read), (76 bytes).
    Removing retarget_io.o(i.stdin_getchar), (16 bytes).
    Removing retarget_io.o(.data), (4 bytes).
    Removing system_armcm4.o(.rev16_text), (4 bytes).
    Removing system_armcm4.o(.revsh_text), (4 bytes).
    Removing system_armcm4.o(.rrx_text), (6 bytes).
    Removing system_armcm4.o(i.SystemCoreClockUpdate), (16 bytes).
    Removing system_armcm4.o(i.SystemInit), (32 bytes).
    Removing system_armcm4.o(.data), (4 bytes).

10 unused section(s) (total 198 bytes) removed from the image.

==============================================================================

Image Symbol Table

    Local Symbols

    Symbol Name                              Value     Ov Type        Size  Object(Section)

    RESET                                    0x00000000   Section      192  startup_armcm4.o(RESET)
    ../clib/angel/boardlib.s                 0x00000000   Number         0  boardshut.o ABSOLUTE
    ../clib/angel/boardlib.s                 0x00000000   Number         0  boardinit2.o ABSOLUTE
    ../clib/angel/boardlib.s                 0x00000000   Number         0  boardinit1.o ABSOLUTE
    ../clib/angel/boardlib.s                 0x00000000   Number         0  boardinit3.o ABSOLUTE
    ../clib/angel/handlers.s                 0x00000000   Number         0  __scatter_copy.o ABSOLUTE
    ../clib/angel/handlers.s                 0x00000000   Number         0  __scatter_zi.o ABSOLUTE
    ../clib/angel/kernel.s                   0x00000000   Number         0  rtexit.o ABSOLUTE
    ../clib/angel/kernel.s                   0x00000000   Number         0  rtexit2.o ABSOLUTE
    ../clib/angel/kernel.s                   0x00000000   Number         0  __rtentry2.o ABSOLUTE
    ../clib/angel/kernel.s                   0x00000000   Number         0  __rtentry4.o ABSOLUTE
    ../clib/angel/kernel.s                   0x00000000   Number         0  __rtentry.o ABSOLUTE
    ../clib/angel/rt.s                       0x00000000   Number         0  rt_errno_addr.o ABSOLUTE
    ../clib/angel/rt.s                       0x00000000   Number         0  rt_errno_addr_intlibspace.o ABSOLUTE
    ../clib/angel/rt.s                       0x00000000   Number         0  rt_heap_descriptor.o ABSOLUTE
    ../clib/angel/rt.s                       0x00000000   Number         0  rt_heap_descriptor_intlibspace.o ABSOLUTE
    ../clib/angel/rt.s                       0x00000000   Number         0  rt_raise.o ABSOLUTE
    ../clib/angel/scatter.s                  0x00000000   Number         0  __scatter.o ABSOLUTE
    ../clib/angel/startup.s                  0x00000000   Number         0  __main.o ABSOLUTE
    ../clib/angel/sys.s                      0x00000000   Number         0  mutex_dummy.o ABSOLUTE
    ../clib/angel/sys.s                      0x00000000   Number         0  indicate_semi.o ABSOLUTE
    ../clib/angel/sys.s                      0x00000000   Number         0  libspace.o ABSOLUTE
    ../clib/angel/sys.s                      0x00000000   Number         0  use_no_semi.o ABSOLUTE
    ../clib/angel/sys.s                      0x00000000   Number         0  sys_stackheap_outer.o ABSOLUTE
    ../clib/angel/sysapp.c                   0x00000000   Number         0  sys_command.o ABSOLUTE
    ../clib/angel/sysapp.c                   0x00000000   Number         0  sys_wrch.o ABSOLUTE
    ../clib/angel/sysapp.c                   0x00000000   Number         0  sys_exit.o ABSOLUTE
    ../clib/armsys.c                         0x00000000   Number         0  _get_argv.o ABSOLUTE
    ../clib/armsys.c                         0x00000000   Number         0  argv_veneer.o ABSOLUTE
    ../clib/armsys.c                         0x00000000   Number         0  argv_veneer.o ABSOLUTE
    ../clib/armsys.c                         0x00000000   Number         0  no_argv.o ABSOLUTE
    ../clib/armsys.c                         0x00000000   Number         0  _get_argv_nomalloc.o ABSOLUTE
    ../clib/assert.c                         0x00000000   Number         0  assert_stdio.o ABSOLUTE
    ../clib/fenv.c                           0x00000000   Number         0  _rserrno.o ABSOLUTE
    ../clib/heap1.c                          0x00000000   Number         0  h1_final.o ABSOLUTE
    ../clib/heap1.c                          0x00000000   Number         0  h1_init_mt.o ABSOLUTE
    ../clib/heap1.c                          0x00000000   Number         0  h1_final_mt.o ABSOLUTE
    ../clib/heap1.c                          0x00000000   Number         0  h1_init.o ABSOLUTE
    ../clib/heap1.c                          0x00000000   Number         0  h1_extend_mt.o ABSOLUTE
    ../clib/heap1.c                          0x00000000   Number         0  h1_free.o ABSOLUTE
    ../clib/heap1.c                          0x00000000   Number         0  h1_alloc.o ABSOLUTE
    ../clib/heap1.c                          0x00000000   Number         0  h1_extend.o ABSOLUTE
    ../clib/heap1.c                          0x00000000   Number         0  h1_alloc_mt.o ABSOLUTE
    ../clib/heap1.c                          0x00000000   Number         0  h1_free_mt.o ABSOLUTE
    ../clib/heap2.c                          0x00000000   Number         0  fdtree.o ABSOLUTE
    ../clib/heap2.c                          0x00000000   Number         0  heap2.o ABSOLUTE
    ../clib/heap2.c                          0x00000000   Number         0  heap2mt.o ABSOLUTE
    ../clib/heapalloc.c                      0x00000000   Number         0  maybetermalloc2.o ABSOLUTE
    ../clib/heapalloc.c                      0x00000000   Number         0  maybetermalloc1.o ABSOLUTE
    ../clib/heapalloc.c                      0x00000000   Number         0  maybetermalloc1.o ABSOLUTE
    ../clib/heapalloc.c                      0x00000000   Number         0  hrguard.o ABSOLUTE
    ../clib/heapalloc.c                      0x00000000   Number         0  malloc.o ABSOLUTE
    ../clib/heapalloc.c                      0x00000000   Number         0  free.o ABSOLUTE
    ../clib/heapalloc.c                      0x00000000   Number         0  hguard.o ABSOLUTE
    ../clib/heapalloc.c                      0x00000000   Number         0  init_alloc.o ABSOLUTE
    ../clib/heapalloc.c                      0x00000000   Number         0  heapstubs.o ABSOLUTE
    ../clib/heapalloc.c                      0x00000000   Number         0  term_alloc.o ABSOLUTE
    ../clib/heapalloc.c                      0x00000000   Number         0  maybetermalloc2.o ABSOLUTE
    ../clib/heapaux.c                        0x00000000   Number         0  heapauxa.o ABSOLUTE
    ../clib/heapaux.c                        0x00000000   Number         0  heapauxi.o ABSOLUTE
    ../clib/libinit.s                        0x00000000   Number         0  libshutdown.o ABSOLUTE
    ../clib/libinit.s                        0x00000000   Number         0  libinit2.o ABSOLUTE
    ../clib/libinit.s                        0x00000000   Number         0  libshutdown2.o ABSOLUTE
    ../clib/libinit.s                        0x00000000   Number         0  libinit.o ABSOLUTE
    ../clib/memcpset.s                       0x00000000   Number         0  rt_memcpy_w.o ABSOLUTE
    ../clib/memcpset.s                       0x00000000   Number         0  rt_memclr_w.o ABSOLUTE
    ../clib/memcpset.s                       0x00000000   Number         0  strcmpv7m.o ABSOLUTE
    ../clib/memcpset.s                       0x00000000   Number         0  rt_memcpy_v6.o ABSOLUTE
    ../clib/printf.c                         0x00000000   Number         0  __printf_flags_ss_wp.o ABSOLUTE
    ../clib/printf.c                         0x00000000   Number         0  __printf_flags_wp.o ABSOLUTE
    ../clib/printf.c                         0x00000000   Number         0  __printf_nopercent.o ABSOLUTE
    ../clib/printf.c                         0x00000000   Number         0  __printf.o ABSOLUTE
    ../clib/printf.c                         0x00000000   Number         0  noretval__2printf.o ABSOLUTE
    ../clib/printf.c                         0x00000000   Number         0  __2printf.o ABSOLUTE
    ../clib/printf.c                         0x00000000   Number         0  _printf_char_common.o ABSOLUTE
    ../clib/printf.c                         0x00000000   Number         0  _printf_dec.o ABSOLUTE
    ../clib/printf.c                         0x00000000   Number         0  _printf_char_file.o ABSOLUTE
    ../clib/printf.c                         0x00000000   Number         0  _printf_intcommon.o ABSOLUTE
    ../clib/printf.c                         0x00000000   Number         0  __printf_ss_wp.o ABSOLUTE
    ../clib/printf.c                         0x00000000   Number         0  __printf_wp.o ABSOLUTE
    ../clib/printf.c                         0x00000000   Number         0  __printf_flags_ss.o ABSOLUTE
    ../clib/printf.c                         0x00000000   Number         0  __printf_ss.o ABSOLUTE
    ../clib/printf.c                         0x00000000   Number         0  __printf_flags.o ABSOLUTE
    ../clib/printf.c                         0x00000000   Number         0  _printf_char_file_locked.o ABSOLUTE
    ../clib/printf_percent.s                 0x00000000   Number         0  _printf_d.o ABSOLUTE
    ../clib/printf_percent.s                 0x00000000   Number         0  _printf_percent.o ABSOLUTE
    ../clib/printf_percent.s                 0x00000000   Number         0  _printf_percent_end.o ABSOLUTE
    ../clib/signal.c                         0x00000000   Number         0  defsig_fpe_inner.o ABSOLUTE
    ../clib/signal.c                         0x00000000   Number         0  defsig_rtred_outer.o ABSOLUTE
    ../clib/signal.c                         0x00000000   Number         0  defsig_rtred_formal.o ABSOLUTE
    ../clib/signal.c                         0x00000000   Number         0  defsig_pvfn_inner.o ABSOLUTE
    ../clib/signal.c                         0x00000000   Number         0  defsig_rtmem_inner.o ABSOLUTE
    ../clib/signal.c                         0x00000000   Number         0  defsig_cppl_inner.o ABSOLUTE
    ../clib/signal.c                         0x00000000   Number         0  defsig_exit.o ABSOLUTE
    ../clib/signal.c                         0x00000000   Number         0  defsig_other.o ABSOLUTE
    ../clib/signal.c                         0x00000000   Number         0  defsig_stak_inner.o ABSOLUTE
    ../clib/signal.c                         0x00000000   Number         0  defsig_general.o ABSOLUTE
    ../clib/signal.c                         0x00000000   Number         0  defsig_segv_inner.o ABSOLUTE
    ../clib/signal.c                         0x00000000   Number         0  defsig_rtred_inner.o ABSOLUTE
    ../clib/signal.c                         0x00000000   Number         0  defsig_rtmem_formal.o ABSOLUTE
    ../clib/signal.c                         0x00000000   Number         0  defsig_rtmem_outer.o ABSOLUTE
    ../clib/signal.c                         0x00000000   Number         0  __raise.o ABSOLUTE
    ../clib/signal.c                         0x00000000   Number         0  defsig_abrt_inner.o ABSOLUTE
    ../clib/signal.s                         0x00000000   Number         0  defsig.o ABSOLUTE
    ../clib/stdio.c                          0x00000000   Number         0  fopen.o ABSOLUTE
    ../clib/stdio.c                          0x00000000   Number         0  streamlock.o ABSOLUTE
    ../clib/stdio.c                          0x00000000   Number         0  fflush.o ABSOLUTE
    ../clib/stdio.c                          0x00000000   Number         0  setvbuf.o ABSOLUTE
    ../clib/stdio.c                          0x00000000   Number         0  stdio_streams.o ABSOLUTE
    ../clib/stdio.c                          0x00000000   Number         0  ftell.o ABSOLUTE
    ../clib/stdio.c                          0x00000000   Number         0  fputs_locked.o ABSOLUTE
    ../clib/stdio.c                          0x00000000   Number         0  fflush_locked.o ABSOLUTE
    ../clib/stdio.c                          0x00000000   Number         0  ferror_locked.o ABSOLUTE
    ../clib/stdio.c                          0x00000000   Number         0  fputc_locked.o ABSOLUTE
    ../clib/stdio.c                          0x00000000   Number         0  initio.o ABSOLUTE
    ../clib/stdio.c                          0x00000000   Number         0  fputc.o ABSOLUTE
    ../clib/stdio.c                          0x00000000   Number         0  ferror.o ABSOLUTE
    ../clib/stdio.c                          0x00000000   Number         0  fwritefast_locked.o ABSOLUTE
    ../clib/stdio.c                          0x00000000   Number         0  fseek.o ABSOLUTE
    ../clib/stdio.c                          0x00000000   Number         0  fopen_locked.o ABSOLUTE
    ../clib/stdio.c                          0x00000000   Number         0  fclose.o ABSOLUTE
    ../clib/stdio.c                          0x00000000   Number         0  fputs.o ABSOLUTE
    ../clib/stdio.c                          0x00000000   Number         0  stdio.o ABSOLUTE
    ../clib/stdio.c                          0x00000000   Number         0  flsbuf.o ABSOLUTE
    ../clib/stdio.c                          0x00000000   Number         0  setvbuf_locked.o ABSOLUTE
    ../clib/stdio.c                          0x00000000   Number         0  fwritefast.o ABSOLUTE
    ../clib/stdio.c                          0x00000000   Number         0  initio_locked.o ABSOLUTE
    ../clib/stdlib.c                         0x00000000   Number         0  exit.o ABSOLUTE
    ../clib/stdlib.c                         0x00000000   Number         0  rand.o ABSOLUTE
    ../clib/stdlib.c                         0x00000000   Number         0  rand.o ABSOLUTE
    ../clib/string.c                         0x00000000   Number         0  memcmp.o ABSOLUTE
    ../clib/wchar.c                          0x00000000   Number         0  flsbuf_fwide.o ABSOLUTE
    ../fplib/daddsub.s                       0x00000000   Number         0  daddsub_clz.o ABSOLUTE
    ../fplib/dcheck1.s                       0x00000000   Number         0  dcheck1.o ABSOLUTE
    ../fplib/dcmpi.s                         0x00000000   Number         0  dcmpi.o ABSOLUTE
    ../fplib/ddiv.s                          0x00000000   Number         0  ddiv.o ABSOLUTE
    ../fplib/deqf.s                          0x00000000   Number         0  deqf.o ABSOLUTE
    ../fplib/dfix.s                          0x00000000   Number         0  dfix.o ABSOLUTE
    ../fplib/dflt.s                          0x00000000   Number         0  dflt_clz.o ABSOLUTE
    ../fplib/dleqf.s                         0x00000000   Number         0  dleqf.o ABSOLUTE
    ../fplib/dmul.s                          0x00000000   Number         0  dmul.o ABSOLUTE
    ../fplib/dnaninf.s                       0x00000000   Number         0  dnaninf.o ABSOLUTE
    ../fplib/dretinf.s                       0x00000000   Number         0  dretinf.o ABSOLUTE
    ../fplib/drleqf.s                        0x00000000   Number         0  drleqf.o ABSOLUTE
    ../fplib/fpinit.s                        0x00000000   Number         0  fpinit.o ABSOLUTE
    ../fplib/retnan.s                        0x00000000   Number         0  retnan.o ABSOLUTE
    ../fplib/scalbn.s                        0x00000000   Number         0  scalbn.o ABSOLUTE
    ../fplib/trapv.s                         0x00000000   Number         0  trapv.o ABSOLUTE
    ../fplib/usenofp.s                       0x00000000   Number         0  usenofp.o ABSOLUTE
    ../mathlib/ceil.c                        0x00000000   Number         0  ceil.o ABSOLUTE
    ../mathlib/dunder.c                      0x00000000   Number         0  dunder.o ABSOLUTE
    ../mathlib/log.c                         0x00000000   Number         0  log.o ABSOLUTE
    ../mathlib/log.c                         0x00000000   Number         0  log_x.o ABSOLUTE
    ../mathlib/poly.c                        0x00000000   Number         0  poly.o ABSOLUTE
    ../mathlib/qnan.c                        0x00000000   Number         0  qnan.o ABSOLUTE
    D:\Program Files (x86)\Keil\ARM\PACK\Keil\ARM_Compiler\1.4.0\Source\retarget_io.c 0x00000000   Number         0  retarget_io.o ABSOLUTE
    F3_operations.s                          0x00000000   Number         0  f3_operations.o ABSOLUTE
    F5_operations.s                          0x00000000   Number         0  f5_operations.o ABSOLUTE
    F7_operations.s                          0x00000000   Number         0  f7_operations.o ABSOLUTE
    RTE\Device\ARMCM4\startup_ARMCM4.s       0x00000000   Number         0  startup_armcm4.o ABSOLUTE
    RTE\Device\ARMCM4\system_ARMCM4.c        0x00000000   Number         0  system_armcm4.o ABSOLUTE
    RTE\\Device\\ARMCM4\\system_ARMCM4.c     0x00000000   Number         0  system_armcm4.o ABSOLUTE
    dc.s                                     0x00000000   Number         0  dc.o ABSOLUTE
    wrapper.c                                0x00000000   Number         0  wrapper.o ABSOLUTE
    !!!main                                  0x000000c0   Section        8  __main.o(!!!main)
    !!!scatter                               0x000000c8   Section       52  __scatter.o(!!!scatter)
    !!handler_copy                           0x000000fc   Section       26  __scatter_copy.o(!!handler_copy)
    !!handler_zi                             0x00000118   Section       28  __scatter_zi.o(!!handler_zi)
    .ARM.Collect$$_printf_percent$$00000000  0x00000134   Section        0  _printf_percent.o(.ARM.Collect$$_printf_percent$$00000000)
    .ARM.Collect$$_printf_percent$$00000009  0x00000134   Section        6  _printf_d.o(.ARM.Collect$$_printf_percent$$00000009)
    .ARM.Collect$$_printf_percent$$00000017  0x0000013a   Section        4  _printf_percent_end.o(.ARM.Collect$$_printf_percent$$00000017)
    .ARM.Collect$$libinit$$00000000          0x0000013e   Section        2  libinit.o(.ARM.Collect$$libinit$$00000000)
    .ARM.Collect$$libinit$$00000002          0x00000140   Section        0  libinit2.o(.ARM.Collect$$libinit$$00000002)
    .ARM.Collect$$libinit$$00000004          0x00000140   Section        0  libinit2.o(.ARM.Collect$$libinit$$00000004)
    .ARM.Collect$$libinit$$00000005          0x00000140   Section        8  libinit2.o(.ARM.Collect$$libinit$$00000005)
    .ARM.Collect$$libinit$$0000000A          0x00000148   Section        0  libinit2.o(.ARM.Collect$$libinit$$0000000A)
    .ARM.Collect$$libinit$$0000000C          0x00000148   Section        0  libinit2.o(.ARM.Collect$$libinit$$0000000C)
    .ARM.Collect$$libinit$$0000000D          0x00000148   Section        4  libinit2.o(.ARM.Collect$$libinit$$0000000D)
    .ARM.Collect$$libinit$$0000000E          0x0000014c   Section        0  libinit2.o(.ARM.Collect$$libinit$$0000000E)
    .ARM.Collect$$libinit$$00000011          0x0000014c   Section        0  libinit2.o(.ARM.Collect$$libinit$$00000011)
    .ARM.Collect$$libinit$$00000013          0x0000014c   Section        0  libinit2.o(.ARM.Collect$$libinit$$00000013)
    .ARM.Collect$$libinit$$00000015          0x0000014c   Section        0  libinit2.o(.ARM.Collect$$libinit$$00000015)
    .ARM.Collect$$libinit$$00000017          0x0000014c   Section        0  libinit2.o(.ARM.Collect$$libinit$$00000017)
    .ARM.Collect$$libinit$$00000019          0x0000014c   Section        0  libinit2.o(.ARM.Collect$$libinit$$00000019)
    .ARM.Collect$$libinit$$0000001B          0x0000014c   Section        0  libinit2.o(.ARM.Collect$$libinit$$0000001B)
    .ARM.Collect$$libinit$$0000001D          0x0000014c   Section        0  libinit2.o(.ARM.Collect$$libinit$$0000001D)
    .ARM.Collect$$libinit$$0000001F          0x0000014c   Section        0  libinit2.o(.ARM.Collect$$libinit$$0000001F)
    .ARM.Collect$$libinit$$00000021          0x0000014c   Section        0  libinit2.o(.ARM.Collect$$libinit$$00000021)
    .ARM.Collect$$libinit$$00000023          0x0000014c   Section        0  libinit2.o(.ARM.Collect$$libinit$$00000023)
    .ARM.Collect$$libinit$$00000024          0x0000014c   Section        4  libinit2.o(.ARM.Collect$$libinit$$00000024)
    .ARM.Collect$$libinit$$00000025          0x00000150   Section        0  libinit2.o(.ARM.Collect$$libinit$$00000025)
    .ARM.Collect$$libinit$$0000002C          0x00000150   Section        0  libinit2.o(.ARM.Collect$$libinit$$0000002C)
    .ARM.Collect$$libinit$$0000002E          0x00000150   Section        0  libinit2.o(.ARM.Collect$$libinit$$0000002E)
    .ARM.Collect$$libinit$$00000030          0x00000150   Section        0  libinit2.o(.ARM.Collect$$libinit$$00000030)
    .ARM.Collect$$libinit$$00000032          0x00000150   Section        0  libinit2.o(.ARM.Collect$$libinit$$00000032)
    .ARM.Collect$$libinit$$00000033          0x00000150   Section        2  libinit2.o(.ARM.Collect$$libinit$$00000033)
    .ARM.Collect$$libshutdown$$00000000      0x00000152   Section        2  libshutdown.o(.ARM.Collect$$libshutdown$$00000000)
    .ARM.Collect$$libshutdown$$00000002      0x00000154   Section        0  libshutdown2.o(.ARM.Collect$$libshutdown$$00000002)
    .ARM.Collect$$libshutdown$$00000003      0x00000154   Section        4  libshutdown2.o(.ARM.Collect$$libshutdown$$00000003)
    .ARM.Collect$$libshutdown$$00000004      0x00000158   Section        0  libshutdown2.o(.ARM.Collect$$libshutdown$$00000004)
    .ARM.Collect$$libshutdown$$00000007      0x00000158   Section        0  libshutdown2.o(.ARM.Collect$$libshutdown$$00000007)
    .ARM.Collect$$libshutdown$$0000000A      0x00000158   Section        0  libshutdown2.o(.ARM.Collect$$libshutdown$$0000000A)
    .ARM.Collect$$libshutdown$$0000000C      0x00000158   Section        0  libshutdown2.o(.ARM.Collect$$libshutdown$$0000000C)
    .ARM.Collect$$libshutdown$$0000000F      0x00000158   Section        0  libshutdown2.o(.ARM.Collect$$libshutdown$$0000000F)
    .ARM.Collect$$libshutdown$$00000010      0x00000158   Section        2  libshutdown2.o(.ARM.Collect$$libshutdown$$00000010)
    .ARM.Collect$$rtentry$$00000000          0x0000015a   Section        0  __rtentry.o(.ARM.Collect$$rtentry$$00000000)
    .ARM.Collect$$rtentry$$00000002          0x0000015a   Section        0  __rtentry2.o(.ARM.Collect$$rtentry$$00000002)
    .ARM.Collect$$rtentry$$00000004          0x0000015a   Section        6  __rtentry4.o(.ARM.Collect$$rtentry$$00000004)
    .ARM.Collect$$rtentry$$00000009          0x00000160   Section        0  __rtentry2.o(.ARM.Collect$$rtentry$$00000009)
    .ARM.Collect$$rtentry$$0000000A          0x00000160   Section        4  __rtentry2.o(.ARM.Collect$$rtentry$$0000000A)
    .ARM.Collect$$rtentry$$0000000C          0x00000164   Section        0  __rtentry2.o(.ARM.Collect$$rtentry$$0000000C)
    .ARM.Collect$$rtentry$$0000000D          0x00000164   Section        8  __rtentry2.o(.ARM.Collect$$rtentry$$0000000D)
    .ARM.Collect$$rtexit$$00000000           0x0000016c   Section        2  rtexit.o(.ARM.Collect$$rtexit$$00000000)
    .ARM.Collect$$rtexit$$00000002           0x0000016e   Section        0  rtexit2.o(.ARM.Collect$$rtexit$$00000002)
    .ARM.Collect$$rtexit$$00000003           0x0000016e   Section        4  rtexit2.o(.ARM.Collect$$rtexit$$00000003)
    .ARM.Collect$$rtexit$$00000004           0x00000172   Section        6  rtexit2.o(.ARM.Collect$$rtexit$$00000004)
    .emb_text                                0x00000178   Section       52  rand.o(.emb_text)
    .emb_text                                0x000001ac   Section        0  maybetermalloc1.o(.emb_text)
    .text                                    0x000001ac   Section       56  startup_armcm4.o(.text)
    .text                                    0x000001e4   Section        0  h1_alloc.o(.text)
    .text                                    0x00000242   Section        0  h1_free.o(.text)
    .text                                    0x00000290   Section        0  noretval__2printf.o(.text)
    .text                                    0x000002a8   Section        0  __printf.o(.text)
    .text                                    0x00000310   Section        0  _printf_dec.o(.text)
    .text                                    0x00000388   Section        0  rand.o(.text)
    .text                                    0x000003c4   Section        0  memcmp.o(.text)
    .text                                    0x0000041c   Section      128  strcmpv7m.o(.text)
    .text                                    0x0000049c   Section        0  heapauxi.o(.text)
    .text                                    0x000004a4   Section        8  rt_heap_descriptor_intlibspace.o(.text)
    .text                                    0x000004ac   Section        0  hguard.o(.text)
    .text                                    0x000004b0   Section        0  init_alloc.o(.text)
    .text                                    0x0000053a   Section        0  h1_init.o(.text)
    .text                                    0x00000548   Section        0  _rserrno.o(.text)
    .text                                    0x0000055e   Section        0  _printf_intcommon.o(.text)
    .text                                    0x00000610   Section        0  _printf_char_file.o(.text)
    .text                                    0x00000634   Section        8  libspace.o(.text)
    .text                                    0x0000063c   Section        8  rt_errno_addr_intlibspace.o(.text)
    .text                                    0x00000644   Section        0  h1_extend.o(.text)
    .text                                    0x00000678   Section        0  _printf_char_common.o(.text)
    _printf_input_char                       0x00000679   Thumb Code    10  _printf_char_common.o(.text)
    .text                                    0x000006a8   Section        0  ferror.o(.text)
    .text                                    0x000006b0   Section        0  initio.o(.text)
    .text                                    0x000007e8   Section        0  defsig_rtmem_outer.o(.text)
    .text                                    0x000007f6   Section        2  use_no_semi.o(.text)
    .text                                    0x000007f8   Section       74  sys_stackheap_outer.o(.text)
    .text                                    0x000007f8   Section        0  indicate_semi.o(.text)
    .text                                    0x00000842   Section        0  flsbuf.o(.text)
    .text                                    0x00000a18   Section        0  setvbuf.o(.text)
    .text                                    0x00000a60   Section        0  fopen.o(.text)
    _freopen_locked                          0x00000a61   Thumb Code     0  fopen.o(.text)
    .text                                    0x00000b4c   Section        0  fclose.o(.text)
    .text                                    0x00000b98   Section        0  exit.o(.text)
    .text                                    0x00000baa   Section        0  defsig_exit.o(.text)
    .text                                    0x00000bb4   Section        0  defsig_rtred_outer.o(.text)
    .text                                    0x00000bc4   Section        0  defsig_rtmem_inner.o(.text)
    .text                                    0x00000c14   Section       78  rt_memclr_w.o(.text)
    .text                                    0x00000c64   Section        0  sys_exit.o(.text)
    .text                                    0x00000c70   Section        0  fseek.o(.text)
    .text                                    0x00000d68   Section        0  stdio.o(.text)
    .text                                    0x00000e58   Section        0  defsig_general.o(.text)
    .text                                    0x00000e8c   Section        0  defsig_rtred_inner.o(.text)
    .text                                    0x00000ec0   Section        0  sys_wrch.o(.text)
    .text                                    0x00000ece   Section        0  ftell.o(.text)
    Program                                  0x00000f10   Section      138  f3_operations.o(Program)
    Program                                  0x00000f9c   Section      530  f5_operations.o(Program)
    Program                                  0x000011b0   Section     1012  f7_operations.o(Program)
    i.ITM_SendChar                           0x000015a4   Section        0  retarget_io.o(i.ITM_SendChar)
    i.__kernel_poly                          0x000015d4   Section        0  poly.o(i.__kernel_poly)
    i.__mathlib_dbl_divzero                  0x00001680   Section        0  dunder.o(i.__mathlib_dbl_divzero)
    i.__mathlib_dbl_infnan                   0x00001690   Section        0  dunder.o(i.__mathlib_dbl_infnan)
    i.__mathlib_dbl_invalid                  0x00001696   Section        0  dunder.o(i.__mathlib_dbl_invalid)
    i._sys_close                             0x000016a2   Section        0  retarget_io.o(i._sys_close)
    i._sys_flen                              0x000016c8   Section        0  retarget_io.o(i._sys_flen)
    i._sys_istty                             0x000016ec   Section        0  retarget_io.o(i._sys_istty)
    i._sys_open                              0x00001710   Section        0  retarget_io.o(i._sys_open)
    i._sys_seek                              0x00001778   Section        0  retarget_io.o(i._sys_seek)
    i._sys_write                             0x000017a4   Section        0  retarget_io.o(i._sys_write)
    i.ceil                                   0x000017fc   Section        0  ceil.o(i.ceil)
    i.fputc                                  0x000018d8   Section        0  fputc.o(i.fputc)
    i.log                                    0x000018f4   Section        0  log.o(i.log)
    i.main                                   0x00001c50   Section        0  wrapper.o(i.main)
    i.stderr_putchar                         0x00002204   Section        0  retarget_io.o(i.stderr_putchar)
    stderr_putchar                           0x00002205   Thumb Code    12  retarget_io.o(i.stderr_putchar)
    i.stdout_putchar                         0x00002210   Section        0  retarget_io.o(i.stdout_putchar)
    stdout_putchar                           0x00002211   Thumb Code    12  retarget_io.o(i.stdout_putchar)
    x$fpl$dadd                               0x0000221c   Section      336  daddsub_clz.o(x$fpl$dadd)
    _dadd1                                   0x0000222d   Thumb Code     0  daddsub_clz.o(x$fpl$dadd)
    x$fpl$dcheck1                            0x0000236c   Section       16  dcheck1.o(x$fpl$dcheck1)
    x$fpl$dcmpinf                            0x0000237c   Section       24  dcmpi.o(x$fpl$dcmpinf)
    x$fpl$ddiv                               0x00002394   Section      688  ddiv.o(x$fpl$ddiv)
    ddiv_entry                               0x0000239b   Thumb Code     0  ddiv.o(x$fpl$ddiv)
    x$fpl$deqf                               0x00002644   Section      120  deqf.o(x$fpl$deqf)
    x$fpl$dfix                               0x000026bc   Section       94  dfix.o(x$fpl$dfix)
    x$fpl$dflt                               0x0000271a   Section       46  dflt_clz.o(x$fpl$dflt)
    x$fpl$dleqf                              0x00002748   Section      120  dleqf.o(x$fpl$dleqf)
    x$fpl$dmul                               0x000027c0   Section      340  dmul.o(x$fpl$dmul)
    x$fpl$dnaninf                            0x00002914   Section      156  dnaninf.o(x$fpl$dnaninf)
    x$fpl$dretinf                            0x000029b0   Section       12  dretinf.o(x$fpl$dretinf)
    x$fpl$drleqf                             0x000029bc   Section      108  drleqf.o(x$fpl$drleqf)
    x$fpl$drsb                               0x00002a28   Section       22  daddsub_clz.o(x$fpl$drsb)
    x$fpl$dsub                               0x00002a40   Section      468  daddsub_clz.o(x$fpl$dsub)
    _dsub1                                   0x00002a51   Thumb Code     0  daddsub_clz.o(x$fpl$dsub)
    x$fpl$retnan                             0x00002c14   Section      100  retnan.o(x$fpl$retnan)
    x$fpl$scalbn                             0x00002c78   Section       92  scalbn.o(x$fpl$scalbn)
    x$fpl$trapveneer                         0x00002cd4   Section       48  trapv.o(x$fpl$trapveneer)
    .constdata                               0x00002d04   Section       23  retarget_io.o(.constdata)
    x$fpl$usenofp                            0x00002d04   Section        0  usenofp.o(x$fpl$usenofp)
    .constdata                               0x00002d20   Section       56  log.o(.constdata)
    Lg2                                      0x00002d20   Data          24  log.o(.constdata)
    Lg                                       0x00002d38   Data          32  log.o(.constdata)
    .constdata                               0x00002d58   Section        8  qnan.o(.constdata)
    .data                                    0x20000000   Section        4  stdio_streams.o(.data)
    .data                                    0x20000004   Section        4  stdio_streams.o(.data)
    .data                                    0x20000008   Section        4  stdio_streams.o(.data)
    globalvars                               0x2000000c   Section       60  f7_operations.o(globalvars)
    extra_storage                            0x2000000c   Data          60  f7_operations.o(globalvars)
    .bss                                     0x20000048   Section      228  rand.o(.bss)
    .bss                                     0x2000012c   Section       84  stdio_streams.o(.bss)
    .bss                                     0x20000180   Section       84  stdio_streams.o(.bss)
    .bss                                     0x200001d4   Section       84  stdio_streams.o(.bss)
    .bss                                     0x20000228   Section       96  libspace.o(.bss)
    HEAP                                     0x20000288   Section     3072  startup_armcm4.o(HEAP)
    Heap_Mem                                 0x20000288   Data        3072  startup_armcm4.o(HEAP)
    STACK                                    0x20000e88   Section     1024  startup_armcm4.o(STACK)
    Stack_Mem                                0x20000e88   Data        1024  startup_armcm4.o(STACK)
    __initial_sp                             0x20001288   Data           0  startup_armcm4.o(STACK)

    Global Symbols

    Symbol Name                              Value     Ov Type        Size  Object(Section)

    BuildAttributes$$THM_ISAv4$E$P$D$K$B$S$7EM$PE$A:L22UL41UL21$X:L11$S22US41US21$IEEE1$IW$USESV6$~STKCKD$USESV7$~SHL$OTIME$ROPI$IEEEX$EBA8$UX$STANDARDLIB$REQ8$EABIv2 0x00000000   Number         0  anon$$obj.o ABSOLUTE
    __ARM_use_no_argv                        0x00000000   Number         0  wrapper.o ABSOLUTE
    __Vectors                                0x00000000   Data           4  startup_armcm4.o(RESET)
    __ARM_exceptions_init                     - Undefined Weak Reference
    __alloca_initialize                       - Undefined Weak Reference
    __arm_preinit_                            - Undefined Weak Reference
    __cpp_initialize__aeabi_                  - Undefined Weak Reference
    __cxa_finalize                            - Undefined Weak Reference
    __rt_locale                               - Undefined Weak Reference
    __sigvec_lookup                           - Undefined Weak Reference
    __user_heap_extent                        - Undefined Weak Reference
    _atexit_init                              - Undefined Weak Reference
    _call_atexit_fns                          - Undefined Weak Reference
    _clock_init                               - Undefined Weak Reference
    _fp_trap_init                             - Undefined Weak Reference
    _fp_trap_shutdown                         - Undefined Weak Reference
    _get_lc_collate                           - Undefined Weak Reference
    _get_lc_ctype                             - Undefined Weak Reference
    _get_lc_monetary                          - Undefined Weak Reference
    _get_lc_numeric                           - Undefined Weak Reference
    _get_lc_time                              - Undefined Weak Reference
    _getenv_init                              - Undefined Weak Reference
    _handle_redirection                       - Undefined Weak Reference
    _mutex_acquire                            - Undefined Weak Reference
    _mutex_free                               - Undefined Weak Reference
    _mutex_release                            - Undefined Weak Reference
    _printf_post_padding                      - Undefined Weak Reference
    _printf_pre_padding                       - Undefined Weak Reference
    _printf_truncate_signed                   - Undefined Weak Reference
    _printf_truncate_unsigned                 - Undefined Weak Reference
    _signal_finish                            - Undefined Weak Reference
    _signal_init                              - Undefined Weak Reference
    __Vectors_End                            0x000000c0   Data           0  startup_armcm4.o(RESET)
    __Vectors_Size                           0x000000c0   Number         0  startup_armcm4.o ABSOLUTE
    __main                                   0x000000c1   Thumb Code     8  __main.o(!!!main)
    __scatterload                            0x000000c9   Thumb Code     0  __scatter.o(!!!scatter)
    __scatterload_rt2                        0x000000c9   Thumb Code    44  __scatter.o(!!!scatter)
    __scatterload_rt2_thumb_only             0x000000c9   Thumb Code     0  __scatter.o(!!!scatter)
    __scatterload_null                       0x000000d7   Thumb Code     0  __scatter.o(!!!scatter)
    __scatterload_copy                       0x000000fd   Thumb Code    26  __scatter_copy.o(!!handler_copy)
    __scatterload_zeroinit                   0x00000119   Thumb Code    28  __scatter_zi.o(!!handler_zi)
    _printf_d                                0x00000135   Thumb Code     0  _printf_d.o(.ARM.Collect$$_printf_percent$$00000009)
    _printf_percent                          0x00000135   Thumb Code     0  _printf_percent.o(.ARM.Collect$$_printf_percent$$00000000)
    _printf_percent_end                      0x0000013b   Thumb Code     0  _printf_percent_end.o(.ARM.Collect$$_printf_percent$$00000017)
    __rt_lib_init                            0x0000013f   Thumb Code     0  libinit.o(.ARM.Collect$$libinit$$00000000)
    __rt_lib_init_fp_1                       0x00000141   Thumb Code     0  libinit2.o(.ARM.Collect$$libinit$$00000002)
    __rt_lib_init_heap_2                     0x00000141   Thumb Code     0  libinit2.o(.ARM.Collect$$libinit$$00000005)
    __rt_lib_init_preinit_1                  0x00000141   Thumb Code     0  libinit2.o(.ARM.Collect$$libinit$$00000004)
    __rt_lib_init_heap_1                     0x00000149   Thumb Code     0  libinit2.o(.ARM.Collect$$libinit$$0000000A)
    __rt_lib_init_rand_2                     0x00000149   Thumb Code     0  libinit2.o(.ARM.Collect$$libinit$$0000000D)
    __rt_lib_init_user_alloc_1               0x00000149   Thumb Code     0  libinit2.o(.ARM.Collect$$libinit$$0000000C)
    __rt_lib_init_atexit_1                   0x0000014d   Thumb Code     0  libinit2.o(.ARM.Collect$$libinit$$0000001B)
    __rt_lib_init_clock_1                    0x0000014d   Thumb Code     0  libinit2.o(.ARM.Collect$$libinit$$00000021)
    __rt_lib_init_fp_trap_1                  0x0000014d   Thumb Code     0  libinit2.o(.ARM.Collect$$libinit$$0000001F)
    __rt_lib_init_getenv_1                   0x0000014d   Thumb Code     0  libinit2.o(.ARM.Collect$$libinit$$00000023)
    __rt_lib_init_lc_collate_1               0x0000014d   Thumb Code     0  libinit2.o(.ARM.Collect$$libinit$$00000011)
    __rt_lib_init_lc_ctype_1                 0x0000014d   Thumb Code     0  libinit2.o(.ARM.Collect$$libinit$$00000013)
    __rt_lib_init_lc_monetary_1              0x0000014d   Thumb Code     0  libinit2.o(.ARM.Collect$$libinit$$00000015)
    __rt_lib_init_lc_numeric_1               0x0000014d   Thumb Code     0  libinit2.o(.ARM.Collect$$libinit$$00000017)
    __rt_lib_init_lc_time_1                  0x0000014d   Thumb Code     0  libinit2.o(.ARM.Collect$$libinit$$00000019)
    __rt_lib_init_rand_1                     0x0000014d   Thumb Code     0  libinit2.o(.ARM.Collect$$libinit$$0000000E)
    __rt_lib_init_signal_1                   0x0000014d   Thumb Code     0  libinit2.o(.ARM.Collect$$libinit$$0000001D)
    __rt_lib_init_stdio_2                    0x0000014d   Thumb Code     0  libinit2.o(.ARM.Collect$$libinit$$00000024)
    __rt_lib_init_alloca_1                   0x00000151   Thumb Code     0  libinit2.o(.ARM.Collect$$libinit$$0000002E)
    __rt_lib_init_argv_1                     0x00000151   Thumb Code     0  libinit2.o(.ARM.Collect$$libinit$$0000002C)
    __rt_lib_init_cpp_1                      0x00000151   Thumb Code     0  libinit2.o(.ARM.Collect$$libinit$$00000032)
    __rt_lib_init_exceptions_1               0x00000151   Thumb Code     0  libinit2.o(.ARM.Collect$$libinit$$00000030)
    __rt_lib_init_return                     0x00000151   Thumb Code     0  libinit2.o(.ARM.Collect$$libinit$$00000033)
    __rt_lib_init_stdio_1                    0x00000151   Thumb Code     0  libinit2.o(.ARM.Collect$$libinit$$00000025)
    __rt_lib_shutdown                        0x00000153   Thumb Code     0  libshutdown.o(.ARM.Collect$$libshutdown$$00000000)
    __rt_lib_shutdown_cpp_1                  0x00000155   Thumb Code     0  libshutdown2.o(.ARM.Collect$$libshutdown$$00000002)
    __rt_lib_shutdown_stdio_2                0x00000155   Thumb Code     0  libshutdown2.o(.ARM.Collect$$libshutdown$$00000003)
    __rt_lib_shutdown_fp_trap_1              0x00000159   Thumb Code     0  libshutdown2.o(.ARM.Collect$$libshutdown$$00000007)
    __rt_lib_shutdown_heap_1                 0x00000159   Thumb Code     0  libshutdown2.o(.ARM.Collect$$libshutdown$$0000000F)
    __rt_lib_shutdown_return                 0x00000159   Thumb Code     0  libshutdown2.o(.ARM.Collect$$libshutdown$$00000010)
    __rt_lib_shutdown_signal_1               0x00000159   Thumb Code     0  libshutdown2.o(.ARM.Collect$$libshutdown$$0000000A)
    __rt_lib_shutdown_stdio_1                0x00000159   Thumb Code     0  libshutdown2.o(.ARM.Collect$$libshutdown$$00000004)
    __rt_lib_shutdown_user_alloc_1           0x00000159   Thumb Code     0  libshutdown2.o(.ARM.Collect$$libshutdown$$0000000C)
    __rt_entry                               0x0000015b   Thumb Code     0  __rtentry.o(.ARM.Collect$$rtentry$$00000000)
    __rt_entry_presh_1                       0x0000015b   Thumb Code     0  __rtentry2.o(.ARM.Collect$$rtentry$$00000002)
    __rt_entry_sh                            0x0000015b   Thumb Code     0  __rtentry4.o(.ARM.Collect$$rtentry$$00000004)
    __rt_entry_li                            0x00000161   Thumb Code     0  __rtentry2.o(.ARM.Collect$$rtentry$$0000000A)
    __rt_entry_postsh_1                      0x00000161   Thumb Code     0  __rtentry2.o(.ARM.Collect$$rtentry$$00000009)
    __rt_entry_main                          0x00000165   Thumb Code     0  __rtentry2.o(.ARM.Collect$$rtentry$$0000000D)
    __rt_entry_postli_1                      0x00000165   Thumb Code     0  __rtentry2.o(.ARM.Collect$$rtentry$$0000000C)
    __rt_exit                                0x0000016d   Thumb Code     0  rtexit.o(.ARM.Collect$$rtexit$$00000000)
    __rt_exit_ls                             0x0000016f   Thumb Code     0  rtexit2.o(.ARM.Collect$$rtexit$$00000003)
    __rt_exit_prels_1                        0x0000016f   Thumb Code     0  rtexit2.o(.ARM.Collect$$rtexit$$00000002)
    __rt_exit_exit                           0x00000173   Thumb Code     0  rtexit2.o(.ARM.Collect$$rtexit$$00000004)
    rand                                     0x00000179   Thumb Code    48  rand.o(.emb_text)
    Reset_Handler                            0x000001ad   Thumb Code     4  startup_armcm4.o(.text)
    _maybe_terminate_alloc                   0x000001ad   Thumb Code     0  maybetermalloc1.o(.emb_text)
    NMI_Handler                              0x000001b1   Thumb Code     2  startup_armcm4.o(.text)
    HardFault_Handler                        0x000001b3   Thumb Code     2  startup_armcm4.o(.text)
    MemManage_Handler                        0x000001b5   Thumb Code     2  startup_armcm4.o(.text)
    BusFault_Handler                         0x000001b7   Thumb Code     2  startup_armcm4.o(.text)
    UsageFault_Handler                       0x000001b9   Thumb Code     2  startup_armcm4.o(.text)
    SVC_Handler                              0x000001bb   Thumb Code     2  startup_armcm4.o(.text)
    DebugMon_Handler                         0x000001bd   Thumb Code     2  startup_armcm4.o(.text)
    PendSV_Handler                           0x000001bf   Thumb Code     2  startup_armcm4.o(.text)
    SysTick_Handler                          0x000001c1   Thumb Code     2  startup_armcm4.o(.text)
    AACI_IRQHandler                          0x000001c3   Thumb Code     0  startup_armcm4.o(.text)
    CAN_IRQHandler                           0x000001c3   Thumb Code     0  startup_armcm4.o(.text)
    CHLCD_IRQHandler                         0x000001c3   Thumb Code     0  startup_armcm4.o(.text)
    CLCD_IRQHandler                          0x000001c3   Thumb Code     0  startup_armcm4.o(.text)
    CPU_CLCD_IRQHandler                      0x000001c3   Thumb Code     0  startup_armcm4.o(.text)
    ENET_IRQHandler                          0x000001c3   Thumb Code     0  startup_armcm4.o(.text)
    FLEXRAY_IRQHandler                       0x000001c3   Thumb Code     0  startup_armcm4.o(.text)
    I2C_IRQHandler                           0x000001c3   Thumb Code     0  startup_armcm4.o(.text)
    LIN_IRQHandler                           0x000001c3   Thumb Code     0  startup_armcm4.o(.text)
    MCIA_IRQHandler                          0x000001c3   Thumb Code     0  startup_armcm4.o(.text)
    MCIB_IRQHandler                          0x000001c3   Thumb Code     0  startup_armcm4.o(.text)
    RTC_IRQHandler                           0x000001c3   Thumb Code     0  startup_armcm4.o(.text)
    SPI_IRQHandler                           0x000001c3   Thumb Code     0  startup_armcm4.o(.text)
    TIM0_IRQHandler                          0x000001c3   Thumb Code     0  startup_armcm4.o(.text)
    TIM2_IRQHandler                          0x000001c3   Thumb Code     0  startup_armcm4.o(.text)
    UART0_IRQHandler                         0x000001c3   Thumb Code     0  startup_armcm4.o(.text)
    UART1_IRQHandler                         0x000001c3   Thumb Code     0  startup_armcm4.o(.text)
    UART2_IRQHandler                         0x000001c3   Thumb Code     0  startup_armcm4.o(.text)
    UART3_IRQHandler                         0x000001c3   Thumb Code     0  startup_armcm4.o(.text)
    UART4_IRQHandler                         0x000001c3   Thumb Code     0  startup_armcm4.o(.text)
    USBDC_IRQHandler                         0x000001c3   Thumb Code     0  startup_armcm4.o(.text)
    USBHC_IRQHandler                         0x000001c3   Thumb Code     0  startup_armcm4.o(.text)
    WDT_IRQHandler                           0x000001c3   Thumb Code     0  startup_armcm4.o(.text)
    __user_initial_stackheap                 0x000001c5   Thumb Code    10  startup_armcm4.o(.text)
    malloc                                   0x000001e5   Thumb Code    94  h1_alloc.o(.text)
    free                                     0x00000243   Thumb Code    78  h1_free.o(.text)
    __2printf                                0x00000291   Thumb Code    20  noretval__2printf.o(.text)
    __printf                                 0x000002a9   Thumb Code   104  __printf.o(.text)
    _printf_int_dec                          0x00000311   Thumb Code   104  _printf_dec.o(.text)
    srand                                    0x00000389   Thumb Code    42  rand.o(.text)
    _rand_init                               0x000003b3   Thumb Code     4  rand.o(.text)
    memcmp                                   0x000003c5   Thumb Code    88  memcmp.o(.text)
    strcmp                                   0x0000041d   Thumb Code   128  strcmpv7m.o(.text)
    __use_two_region_memory                  0x0000049d   Thumb Code     2  heapauxi.o(.text)
    __rt_heap_escrow                         0x0000049f   Thumb Code     2  heapauxi.o(.text)
    __rt_heap_expand                         0x000004a1   Thumb Code     2  heapauxi.o(.text)
    __rt_heap_descriptor                     0x000004a5   Thumb Code     8  rt_heap_descriptor_intlibspace.o(.text)
    __use_no_heap                            0x000004ad   Thumb Code     2  hguard.o(.text)
    __heap$guard                             0x000004af   Thumb Code     2  hguard.o(.text)
    _terminate_user_alloc                    0x000004b1   Thumb Code     2  init_alloc.o(.text)
    _init_user_alloc                         0x000004b3   Thumb Code     2  init_alloc.o(.text)
    __Heap_Full                              0x000004b5   Thumb Code    34  init_alloc.o(.text)
    __Heap_Broken                            0x000004d7   Thumb Code     6  init_alloc.o(.text)
    _init_alloc                              0x000004dd   Thumb Code    94  init_alloc.o(.text)
    __Heap_Initialize                        0x0000053b   Thumb Code    10  h1_init.o(.text)
    __Heap_DescSize                          0x00000545   Thumb Code     4  h1_init.o(.text)
    __read_errno                             0x00000549   Thumb Code    10  _rserrno.o(.text)
    __set_errno                              0x00000553   Thumb Code    12  _rserrno.o(.text)
    _printf_int_common                       0x0000055f   Thumb Code   178  _printf_intcommon.o(.text)
    _printf_char_file                        0x00000611   Thumb Code    32  _printf_char_file.o(.text)
    __user_libspace                          0x00000635   Thumb Code     8  libspace.o(.text)
    __user_perproc_libspace                  0x00000635   Thumb Code     0  libspace.o(.text)
    __user_perthread_libspace                0x00000635   Thumb Code     0  libspace.o(.text)
    __aeabi_errno_addr                       0x0000063d   Thumb Code     8  rt_errno_addr_intlibspace.o(.text)
    __errno$intlibspace                      0x0000063d   Thumb Code     0  rt_errno_addr_intlibspace.o(.text)
    __rt_errno_addr$intlibspace              0x0000063d   Thumb Code     0  rt_errno_addr_intlibspace.o(.text)
    __Heap_ProvideMemory                     0x00000645   Thumb Code    52  h1_extend.o(.text)
    _printf_char_common                      0x00000683   Thumb Code    32  _printf_char_common.o(.text)
    ferror                                   0x000006a9   Thumb Code     8  ferror.o(.text)
    _initio                                  0x000006b1   Thumb Code   210  initio.o(.text)
    _terminateio                             0x00000783   Thumb Code    56  initio.o(.text)
    __rt_SIGRTMEM                            0x000007e9   Thumb Code    14  defsig_rtmem_outer.o(.text)
    __I$use$semihosting                      0x000007f7   Thumb Code     0  use_no_semi.o(.text)
    __use_no_semihosting_swi                 0x000007f7   Thumb Code     2  use_no_semi.o(.text)
    __semihosting_library_function           0x000007f9   Thumb Code     0  indicate_semi.o(.text)
    __user_setup_stackheap                   0x000007f9   Thumb Code    74  sys_stackheap_outer.o(.text)
    __flsbuf                                 0x00000843   Thumb Code   470  flsbuf.o(.text)
    __flsbuf_byte                            0x00000843   Thumb Code     0  flsbuf.o(.text)
    __flsbuf_wide                            0x00000843   Thumb Code     0  flsbuf.o(.text)
    setvbuf                                  0x00000a19   Thumb Code    70  setvbuf.o(.text)
    freopen                                  0x00000a61   Thumb Code   158  fopen.o(.text)
    fopen                                    0x00000aff   Thumb Code    74  fopen.o(.text)
    _fclose_internal                         0x00000b4d   Thumb Code    76  fclose.o(.text)
    fclose                                   0x00000b4d   Thumb Code     0  fclose.o(.text)
    exit                                     0x00000b99   Thumb Code    18  exit.o(.text)
    __sig_exit                               0x00000bab   Thumb Code    10  defsig_exit.o(.text)
    __rt_SIGRTRED                            0x00000bb5   Thumb Code    14  defsig_rtred_outer.o(.text)
    __rt_SIGRTMEM_inner                      0x00000bc5   Thumb Code    22  defsig_rtmem_inner.o(.text)
    __aeabi_memclr4                          0x00000c15   Thumb Code     0  rt_memclr_w.o(.text)
    __aeabi_memclr8                          0x00000c15   Thumb Code     0  rt_memclr_w.o(.text)
    __rt_memclr_w                            0x00000c15   Thumb Code    78  rt_memclr_w.o(.text)
    _memset_w                                0x00000c19   Thumb Code     0  rt_memclr_w.o(.text)
    _sys_exit                                0x00000c65   Thumb Code     8  sys_exit.o(.text)
    _fseek                                   0x00000c71   Thumb Code   242  fseek.o(.text)
    fseek                                    0x00000c71   Thumb Code     0  fseek.o(.text)
    _seterr                                  0x00000d69   Thumb Code    20  stdio.o(.text)
    _writebuf                                0x00000d7d   Thumb Code    84  stdio.o(.text)
    _fflush                                  0x00000dd1   Thumb Code    70  stdio.o(.text)
    _deferredlazyseek                        0x00000e17   Thumb Code    60  stdio.o(.text)
    __default_signal_display                 0x00000e59   Thumb Code    50  defsig_general.o(.text)
    __rt_SIGRTRED_inner                      0x00000e8d   Thumb Code    14  defsig_rtred_inner.o(.text)
    _ttywrch                                 0x00000ec1   Thumb Code    14  sys_wrch.o(.text)
    _ftell_internal                          0x00000ecf   Thumb Code    66  ftell.o(.text)
    ftell                                    0x00000ecf   Thumb Code     0  ftell.o(.text)
    F3_add                                   0x00000f11   Thumb Code     4  f3_operations.o(Program)
    F3_mult                                  0x00000f5f   Thumb Code     2  f3_operations.o(Program)
    F3_sqr                                   0x00000f89   Thumb Code     2  f3_operations.o(Program)
    F5_add                                   0x00000f9d   Thumb Code     4  f5_operations.o(Program)
    F5_mult                                  0x000010e9   Thumb Code     4  f5_operations.o(Program)
    F5_sqr                                   0x00001191   Thumb Code     2  f5_operations.o(Program)
    F7_add                                   0x000011b1   Thumb Code     4  f7_operations.o(Program)
    F7_mult                                  0x000013ff   Thumb Code     4  f7_operations.o(Program)
    F7_sqr                                   0x0000154b   Thumb Code     2  f7_operations.o(Program)
    ITM_SendChar                             0x000015a5   Thumb Code    42  retarget_io.o(i.ITM_SendChar)
    __kernel_poly                            0x000015d5   Thumb Code   170  poly.o(i.__kernel_poly)
    __mathlib_dbl_divzero                    0x00001681   Thumb Code    12  dunder.o(i.__mathlib_dbl_divzero)
    __mathlib_dbl_infnan                     0x00001691   Thumb Code     6  dunder.o(i.__mathlib_dbl_infnan)
    __mathlib_dbl_invalid                    0x00001697   Thumb Code    12  dunder.o(i.__mathlib_dbl_invalid)
    _sys_close                               0x000016a3   Thumb Code    38  retarget_io.o(i._sys_close)
    _sys_flen                                0x000016c9   Thumb Code    36  retarget_io.o(i._sys_flen)
    _sys_istty                               0x000016ed   Thumb Code    36  retarget_io.o(i._sys_istty)
    _sys_open                                0x00001711   Thumb Code    80  retarget_io.o(i._sys_open)
    _sys_seek                                0x00001779   Thumb Code    44  retarget_io.o(i._sys_seek)
    _sys_write                               0x000017a5   Thumb Code    88  retarget_io.o(i._sys_write)
    ceil                                     0x000017fd   Thumb Code   204  ceil.o(i.ceil)
    fputc                                    0x000018d9   Thumb Code    26  fputc.o(i.fputc)
    log                                      0x000018f5   Thumb Code   808  log.o(i.log)
    main                                     0x00001c51   Thumb Code  1358  wrapper.o(i.main)
    __aeabi_dadd                             0x0000221d   Thumb Code     0  daddsub_clz.o(x$fpl$dadd)
    _dadd                                    0x0000221d   Thumb Code   332  daddsub_clz.o(x$fpl$dadd)
    __fpl_dcheck_NaN1                        0x0000236d   Thumb Code    10  dcheck1.o(x$fpl$dcheck1)
    __fpl_dcmp_Inf                           0x0000237d   Thumb Code    24  dcmpi.o(x$fpl$dcmpinf)
    __aeabi_ddiv                             0x00002395   Thumb Code     0  ddiv.o(x$fpl$ddiv)
    _ddiv                                    0x00002395   Thumb Code   552  ddiv.o(x$fpl$ddiv)
    __aeabi_cdcmpeq                          0x00002645   Thumb Code     0  deqf.o(x$fpl$deqf)
    _dcmpeq                                  0x00002645   Thumb Code   120  deqf.o(x$fpl$deqf)
    __aeabi_d2iz                             0x000026bd   Thumb Code     0  dfix.o(x$fpl$dfix)
    _dfix                                    0x000026bd   Thumb Code    94  dfix.o(x$fpl$dfix)
    __aeabi_i2d                              0x0000271b   Thumb Code     0  dflt_clz.o(x$fpl$dflt)
    _dflt                                    0x0000271b   Thumb Code    46  dflt_clz.o(x$fpl$dflt)
    __aeabi_cdcmple                          0x00002749   Thumb Code     0  dleqf.o(x$fpl$dleqf)
    _dcmple                                  0x00002749   Thumb Code   120  dleqf.o(x$fpl$dleqf)
    __fpl_dcmple_InfNaN                      0x000027ab   Thumb Code     0  dleqf.o(x$fpl$dleqf)
    __aeabi_dmul                             0x000027c1   Thumb Code     0  dmul.o(x$fpl$dmul)
    _dmul                                    0x000027c1   Thumb Code   332  dmul.o(x$fpl$dmul)
    __fpl_dnaninf                            0x00002915   Thumb Code   156  dnaninf.o(x$fpl$dnaninf)
    __fpl_dretinf                            0x000029b1   Thumb Code    12  dretinf.o(x$fpl$dretinf)
    __aeabi_cdrcmple                         0x000029bd   Thumb Code     0  drleqf.o(x$fpl$drleqf)
    _drcmple                                 0x000029bd   Thumb Code   108  drleqf.o(x$fpl$drleqf)
    __aeabi_drsub                            0x00002a29   Thumb Code     0  daddsub_clz.o(x$fpl$drsb)
    _drsb                                    0x00002a29   Thumb Code    22  daddsub_clz.o(x$fpl$drsb)
    __aeabi_dsub                             0x00002a41   Thumb Code     0  daddsub_clz.o(x$fpl$dsub)
    _dsub                                    0x00002a41   Thumb Code   464  daddsub_clz.o(x$fpl$dsub)
    __fpl_return_NaN                         0x00002c15   Thumb Code   100  retnan.o(x$fpl$retnan)
    __ARM_scalbn                             0x00002c79   Thumb Code    92  scalbn.o(x$fpl$scalbn)
    __fpl_cmpreturn                          0x00002cd5   Thumb Code    48  trapv.o(x$fpl$trapveneer)
    __I$use$fp                               0x00002d04   Number         0  usenofp.o(x$fpl$usenofp)
    __stdin_name                             0x00002d04   Data           7  retarget_io.o(.constdata)
    __stdout_name                            0x00002d0b   Data           8  retarget_io.o(.constdata)
    __stderr_name                            0x00002d13   Data           8  retarget_io.o(.constdata)
    __mathlib_zero                           0x00002d58   Data           8  qnan.o(.constdata)
    Region$$Table$$Base                      0x00002d60   Number         0  anon$$obj.o(Region$$Table)
    Region$$Table$$Limit                     0x00002d80   Number         0  anon$$obj.o(Region$$Table)
    __aeabi_stdin                            0x20000000   Data           4  stdio_streams.o(.data)
    __aeabi_stdout                           0x20000004   Data           4  stdio_streams.o(.data)
    __aeabi_stderr                           0x20000008   Data           4  stdio_streams.o(.data)
    _random_number_data                      0x20000048   Data         228  rand.o(.bss)
    __stdin                                  0x2000012c   Data          84  stdio_streams.o(.bss)
    __stdout                                 0x20000180   Data          84  stdio_streams.o(.bss)
    __stderr                                 0x200001d4   Data          84  stdio_streams.o(.bss)
    __libspace_start                         0x20000228   Data          96  libspace.o(.bss)
    __temporary_stack_top$libspace           0x20000288   Data           0  libspace.o(.bss)



==============================================================================

Memory Map of the image

  Image Entry point : 0x000001ad

  Load Region LR_1 (Base: 0x00000000, Size: 0x00002dc8, Max: 0xffffffff, ABSOLUTE)

    Execution Region ER_RO (Exec base: 0x00000000, Load base: 0x00000000, Size: 0x00002d80, Max: 0xffffffff, ABSOLUTE)

    Exec Addr    Load Addr    Size         Type   Attr      Idx    E Section Name        Object

    0x00000000   0x00000000   0x000000c0   Data   RO          143    RESET               startup_armcm4.o
    0x000000c0   0x000000c0   0x00000008   Code   RO          309  * !!!main             c_w.l(__main.o)
    0x000000c8   0x000000c8   0x00000034   Code   RO          667    !!!scatter          c_w.l(__scatter.o)
    0x000000fc   0x000000fc   0x0000001a   Code   RO          669    !!handler_copy      c_w.l(__scatter_copy.o)
    0x00000116   0x00000116   0x00000002   PAD
    0x00000118   0x00000118   0x0000001c   Code   RO          671    !!handler_zi        c_w.l(__scatter_zi.o)
    0x00000134   0x00000134   0x00000000   Code   RO          297    .ARM.Collect$$_printf_percent$$00000000  c_w.l(_printf_percent.o)
    0x00000134   0x00000134   0x00000006   Code   RO          296    .ARM.Collect$$_printf_percent$$00000009  c_w.l(_printf_d.o)
    0x0000013a   0x0000013a   0x00000004   Code   RO          367    .ARM.Collect$$_printf_percent$$00000017  c_w.l(_printf_percent_end.o)
    0x0000013e   0x0000013e   0x00000002   Code   RO          576    .ARM.Collect$$libinit$$00000000  c_w.l(libinit.o)
    0x00000140   0x00000140   0x00000000   Code   RO          379    .ARM.Collect$$libinit$$00000002  c_w.l(libinit2.o)
    0x00000140   0x00000140   0x00000000   Code   RO          381    .ARM.Collect$$libinit$$00000004  c_w.l(libinit2.o)
    0x00000140   0x00000140   0x00000008   Code   RO          382    .ARM.Collect$$libinit$$00000005  c_w.l(libinit2.o)
    0x00000148   0x00000148   0x00000000   Code   RO          384    .ARM.Collect$$libinit$$0000000A  c_w.l(libinit2.o)
    0x00000148   0x00000148   0x00000000   Code   RO          386    .ARM.Collect$$libinit$$0000000C  c_w.l(libinit2.o)
    0x00000148   0x00000148   0x00000004   Code   RO          387    .ARM.Collect$$libinit$$0000000D  c_w.l(libinit2.o)
    0x0000014c   0x0000014c   0x00000000   Code   RO          388    .ARM.Collect$$libinit$$0000000E  c_w.l(libinit2.o)
    0x0000014c   0x0000014c   0x00000000   Code   RO          391    .ARM.Collect$$libinit$$00000011  c_w.l(libinit2.o)
    0x0000014c   0x0000014c   0x00000000   Code   RO          393    .ARM.Collect$$libinit$$00000013  c_w.l(libinit2.o)
    0x0000014c   0x0000014c   0x00000000   Code   RO          395    .ARM.Collect$$libinit$$00000015  c_w.l(libinit2.o)
    0x0000014c   0x0000014c   0x00000000   Code   RO          397    .ARM.Collect$$libinit$$00000017  c_w.l(libinit2.o)
    0x0000014c   0x0000014c   0x00000000   Code   RO          399    .ARM.Collect$$libinit$$00000019  c_w.l(libinit2.o)
    0x0000014c   0x0000014c   0x00000000   Code   RO          401    .ARM.Collect$$libinit$$0000001B  c_w.l(libinit2.o)
    0x0000014c   0x0000014c   0x00000000   Code   RO          403    .ARM.Collect$$libinit$$0000001D  c_w.l(libinit2.o)
    0x0000014c   0x0000014c   0x00000000   Code   RO          405    .ARM.Collect$$libinit$$0000001F  c_w.l(libinit2.o)
    0x0000014c   0x0000014c   0x00000000   Code   RO          407    .ARM.Collect$$libinit$$00000021  c_w.l(libinit2.o)
    0x0000014c   0x0000014c   0x00000000   Code   RO          409    .ARM.Collect$$libinit$$00000023  c_w.l(libinit2.o)
    0x0000014c   0x0000014c   0x00000004   Code   RO          410    .ARM.Collect$$libinit$$00000024  c_w.l(libinit2.o)
    0x00000150   0x00000150   0x00000000   Code   RO          411    .ARM.Collect$$libinit$$00000025  c_w.l(libinit2.o)
    0x00000150   0x00000150   0x00000000   Code   RO          415    .ARM.Collect$$libinit$$0000002C  c_w.l(libinit2.o)
    0x00000150   0x00000150   0x00000000   Code   RO          417    .ARM.Collect$$libinit$$0000002E  c_w.l(libinit2.o)
    0x00000150   0x00000150   0x00000000   Code   RO          419    .ARM.Collect$$libinit$$00000030  c_w.l(libinit2.o)
    0x00000150   0x00000150   0x00000000   Code   RO          421    .ARM.Collect$$libinit$$00000032  c_w.l(libinit2.o)
    0x00000150   0x00000150   0x00000002   Code   RO          422    .ARM.Collect$$libinit$$00000033  c_w.l(libinit2.o)
    0x00000152   0x00000152   0x00000002   Code   RO          664    .ARM.Collect$$libshutdown$$00000000  c_w.l(libshutdown.o)
    0x00000154   0x00000154   0x00000000   Code   RO          578    .ARM.Collect$$libshutdown$$00000002  c_w.l(libshutdown2.o)
    0x00000154   0x00000154   0x00000004   Code   RO          579    .ARM.Collect$$libshutdown$$00000003  c_w.l(libshutdown2.o)
    0x00000158   0x00000158   0x00000000   Code   RO          580    .ARM.Collect$$libshutdown$$00000004  c_w.l(libshutdown2.o)
    0x00000158   0x00000158   0x00000000   Code   RO          583    .ARM.Collect$$libshutdown$$00000007  c_w.l(libshutdown2.o)
    0x00000158   0x00000158   0x00000000   Code   RO          586    .ARM.Collect$$libshutdown$$0000000A  c_w.l(libshutdown2.o)
    0x00000158   0x00000158   0x00000000   Code   RO          588    .ARM.Collect$$libshutdown$$0000000C  c_w.l(libshutdown2.o)
    0x00000158   0x00000158   0x00000000   Code   RO          591    .ARM.Collect$$libshutdown$$0000000F  c_w.l(libshutdown2.o)
    0x00000158   0x00000158   0x00000002   Code   RO          592    .ARM.Collect$$libshutdown$$00000010  c_w.l(libshutdown2.o)
    0x0000015a   0x0000015a   0x00000000   Code   RO          335    .ARM.Collect$$rtentry$$00000000  c_w.l(__rtentry.o)
    0x0000015a   0x0000015a   0x00000000   Code   RO          471    .ARM.Collect$$rtentry$$00000002  c_w.l(__rtentry2.o)
    0x0000015a   0x0000015a   0x00000006   Code   RO          483    .ARM.Collect$$rtentry$$00000004  c_w.l(__rtentry4.o)
    0x00000160   0x00000160   0x00000000   Code   RO          473    .ARM.Collect$$rtentry$$00000009  c_w.l(__rtentry2.o)
    0x00000160   0x00000160   0x00000004   Code   RO          474    .ARM.Collect$$rtentry$$0000000A  c_w.l(__rtentry2.o)
    0x00000164   0x00000164   0x00000000   Code   RO          476    .ARM.Collect$$rtentry$$0000000C  c_w.l(__rtentry2.o)
    0x00000164   0x00000164   0x00000008   Code   RO          477    .ARM.Collect$$rtentry$$0000000D  c_w.l(__rtentry2.o)
    0x0000016c   0x0000016c   0x00000002   Code   RO          599    .ARM.Collect$$rtexit$$00000000  c_w.l(rtexit.o)
    0x0000016e   0x0000016e   0x00000000   Code   RO          628    .ARM.Collect$$rtexit$$00000002  c_w.l(rtexit2.o)
    0x0000016e   0x0000016e   0x00000004   Code   RO          629    .ARM.Collect$$rtexit$$00000003  c_w.l(rtexit2.o)
    0x00000172   0x00000172   0x00000006   Code   RO          630    .ARM.Collect$$rtexit$$00000004  c_w.l(rtexit2.o)
    0x00000178   0x00000178   0x00000034   Code   RO          298    .emb_text           c_w.l(rand.o)
    0x000001ac   0x000001ac   0x00000000   Code   RO          492    .emb_text           c_w.l(maybetermalloc1.o)
    0x000001ac   0x000001ac   0x00000038   Code   RO          144  * .text               startup_armcm4.o
    0x000001e4   0x000001e4   0x0000005e   Code   RO          210    .text               c_w.l(h1_alloc.o)
    0x00000242   0x00000242   0x0000004e   Code   RO          212    .text               c_w.l(h1_free.o)
    0x00000290   0x00000290   0x00000018   Code   RO          270    .text               c_w.l(noretval__2printf.o)
    0x000002a8   0x000002a8   0x00000068   Code   RO          272    .text               c_w.l(__printf.o)
    0x00000310   0x00000310   0x00000078   Code   RO          274    .text               c_w.l(_printf_dec.o)
    0x00000388   0x00000388   0x0000003c   Code   RO          299    .text               c_w.l(rand.o)
    0x000003c4   0x000003c4   0x00000058   Code   RO          303    .text               c_w.l(memcmp.o)
    0x0000041c   0x0000041c   0x00000080   Code   RO          305    .text               c_w.l(strcmpv7m.o)
    0x0000049c   0x0000049c   0x00000006   Code   RO          307    .text               c_w.l(heapauxi.o)
    0x000004a2   0x000004a2   0x00000002   PAD
    0x000004a4   0x000004a4   0x00000008   Code   RO          339    .text               c_w.l(rt_heap_descriptor_intlibspace.o)
    0x000004ac   0x000004ac   0x00000004   Code   RO          341    .text               c_w.l(hguard.o)
    0x000004b0   0x000004b0   0x0000008a   Code   RO          343    .text               c_w.l(init_alloc.o)
    0x0000053a   0x0000053a   0x0000000e   Code   RO          347    .text               c_w.l(h1_init.o)
    0x00000548   0x00000548   0x00000016   Code   RO          361    .text               c_w.l(_rserrno.o)
    0x0000055e   0x0000055e   0x000000b2   Code   RO          363    .text               c_w.l(_printf_intcommon.o)
    0x00000610   0x00000610   0x00000024   Code   RO          365    .text               c_w.l(_printf_char_file.o)
    0x00000634   0x00000634   0x00000008   Code   RO          467    .text               c_w.l(libspace.o)
    0x0000063c   0x0000063c   0x00000008   Code   RO          488    .text               c_w.l(rt_errno_addr_intlibspace.o)
    0x00000644   0x00000644   0x00000034   Code   RO          494    .text               c_w.l(h1_extend.o)
    0x00000678   0x00000678   0x00000030   Code   RO          498    .text               c_w.l(_printf_char_common.o)
    0x000006a8   0x000006a8   0x00000008   Code   RO          500    .text               c_w.l(ferror.o)
    0x000006b0   0x000006b0   0x00000138   Code   RO          506    .text               c_w.l(initio.o)
    0x000007e8   0x000007e8   0x0000000e   Code   RO          514    .text               c_w.l(defsig_rtmem_outer.o)
    0x000007f6   0x000007f6   0x00000002   Code   RO          531    .text               c_w.l(use_no_semi.o)
    0x000007f8   0x000007f8   0x00000000   Code   RO          533    .text               c_w.l(indicate_semi.o)
    0x000007f8   0x000007f8   0x0000004a   Code   RO          534    .text               c_w.l(sys_stackheap_outer.o)
    0x00000842   0x00000842   0x000001d6   Code   RO          542    .text               c_w.l(flsbuf.o)
    0x00000a18   0x00000a18   0x00000046   Code   RO          544    .text               c_w.l(setvbuf.o)
    0x00000a5e   0x00000a5e   0x00000002   PAD
    0x00000a60   0x00000a60   0x000000ec   Code   RO          547    .text               c_w.l(fopen.o)
    0x00000b4c   0x00000b4c   0x0000004c   Code   RO          549    .text               c_w.l(fclose.o)
    0x00000b98   0x00000b98   0x00000012   Code   RO          555    .text               c_w.l(exit.o)
    0x00000baa   0x00000baa   0x0000000a   Code   RO          557    .text               c_w.l(defsig_exit.o)
    0x00000bb4   0x00000bb4   0x0000000e   Code   RO          559    .text               c_w.l(defsig_rtred_outer.o)
    0x00000bc2   0x00000bc2   0x00000002   PAD
    0x00000bc4   0x00000bc4   0x00000050   Code   RO          563    .text               c_w.l(defsig_rtmem_inner.o)
    0x00000c14   0x00000c14   0x0000004e   Code   RO          565    .text               c_w.l(rt_memclr_w.o)
    0x00000c62   0x00000c62   0x00000002   PAD
    0x00000c64   0x00000c64   0x0000000c   Code   RO          597    .text               c_w.l(sys_exit.o)
    0x00000c70   0x00000c70   0x000000f8   Code   RO          607    .text               c_w.l(fseek.o)
    0x00000d68   0x00000d68   0x000000f0   Code   RO          609    .text               c_w.l(stdio.o)
    0x00000e58   0x00000e58   0x00000032   Code   RO          617    .text               c_w.l(defsig_general.o)
    0x00000e8a   0x00000e8a   0x00000002   PAD
    0x00000e8c   0x00000e8c   0x00000034   Code   RO          619    .text               c_w.l(defsig_rtred_inner.o)
    0x00000ec0   0x00000ec0   0x0000000e   Code   RO          625    .text               c_w.l(sys_wrch.o)
    0x00000ece   0x00000ece   0x00000042   Code   RO          638    .text               c_w.l(ftell.o)
    0x00000f10   0x00000f10   0x0000008a   Code   RO           29  * Program             f3_operations.o
    0x00000f9a   0x00000f9a   0x00000002   PAD
    0x00000f9c   0x00000f9c   0x00000212   Code   RO           33  * Program             f5_operations.o
    0x000011ae   0x000011ae   0x00000002   PAD
    0x000011b0   0x000011b0   0x000003f4   Code   RO           37  * Program             f7_operations.o
    0x000015a4   0x000015a4   0x00000030   Code   RO           41    i.ITM_SendChar      retarget_io.o
    0x000015d4   0x000015d4   0x000000aa   Code   RO          462    i.__kernel_poly     m_ws.l(poly.o)
    0x0000167e   0x0000167e   0x00000002   PAD
    0x00001680   0x00001680   0x00000010   Code   RO          448    i.__mathlib_dbl_divzero  m_ws.l(dunder.o)
    0x00001690   0x00001690   0x00000006   Code   RO          449    i.__mathlib_dbl_infnan  m_ws.l(dunder.o)
    0x00001696   0x00001696   0x0000000c   Code   RO          451    i.__mathlib_dbl_invalid  m_ws.l(dunder.o)
    0x000016a2   0x000016a2   0x00000026   Code   RO           42    i._sys_close        retarget_io.o
    0x000016c8   0x000016c8   0x00000024   Code   RO           43    i._sys_flen         retarget_io.o
    0x000016ec   0x000016ec   0x00000024   Code   RO           44    i._sys_istty        retarget_io.o
    0x00001710   0x00001710   0x00000068   Code   RO           45    i._sys_open         retarget_io.o
    0x00001778   0x00001778   0x0000002c   Code   RO           47    i._sys_seek         retarget_io.o
    0x000017a4   0x000017a4   0x00000058   Code   RO           48    i._sys_write        retarget_io.o
    0x000017fc   0x000017fc   0x000000dc   Code   RO          320    i.ceil              m_ws.l(ceil.o)
    0x000018d8   0x000018d8   0x0000001a   Code   RO          503    i.fputc             c_w.l(fputc.o)
    0x000018f2   0x000018f2   0x00000002   PAD
    0x000018f4   0x000018f4   0x0000035c   Code   RO          324    i.log               m_ws.l(log.o)
    0x00001c50   0x00001c50   0x000005b4   Code   RO            1    i.main              wrapper.o
    0x00002204   0x00002204   0x0000000c   Code   RO           49    i.stderr_putchar    retarget_io.o
    0x00002210   0x00002210   0x0000000c   Code   RO           51    i.stdout_putchar    retarget_io.o
    0x0000221c   0x0000221c   0x00000150   Code   RO          423    x$fpl$dadd          fz_ws.l(daddsub_clz.o)
    0x0000236c   0x0000236c   0x00000010   Code   RO          523    x$fpl$dcheck1       fz_ws.l(dcheck1.o)
    0x0000237c   0x0000237c   0x00000018   Code   RO          525    x$fpl$dcmpinf       fz_ws.l(dcmpi.o)
    0x00002394   0x00002394   0x000002b0   Code   RO          312    x$fpl$ddiv          fz_ws.l(ddiv.o)
    0x00002644   0x00002644   0x00000078   Code   RO          429    x$fpl$deqf          fz_ws.l(deqf.o)
    0x000026bc   0x000026bc   0x0000005e   Code   RO          315    x$fpl$dfix          fz_ws.l(dfix.o)
    0x0000271a   0x0000271a   0x0000002e   Code   RO          432    x$fpl$dflt          fz_ws.l(dflt_clz.o)
    0x00002748   0x00002748   0x00000078   Code   RO          527    x$fpl$dleqf         fz_ws.l(dleqf.o)
    0x000027c0   0x000027c0   0x00000154   Code   RO          437    x$fpl$dmul          fz_ws.l(dmul.o)
    0x00002914   0x00002914   0x0000009c   Code   RO          439    x$fpl$dnaninf       fz_ws.l(dnaninf.o)
    0x000029b0   0x000029b0   0x0000000c   Code   RO          441    x$fpl$dretinf       fz_ws.l(dretinf.o)
    0x000029bc   0x000029bc   0x0000006c   Code   RO          443    x$fpl$drleqf        fz_ws.l(drleqf.o)
    0x00002a28   0x00002a28   0x00000016   Code   RO          424    x$fpl$drsb          fz_ws.l(daddsub_clz.o)
    0x00002a3e   0x00002a3e   0x00000002   PAD
    0x00002a40   0x00002a40   0x000001d4   Code   RO          425    x$fpl$dsub          fz_ws.l(daddsub_clz.o)
    0x00002c14   0x00002c14   0x00000064   Code   RO          595    x$fpl$retnan        fz_ws.l(retnan.o)
    0x00002c78   0x00002c78   0x0000005c   Code   RO          445    x$fpl$scalbn        fz_ws.l(scalbn.o)
    0x00002cd4   0x00002cd4   0x00000030   Code   RO          623    x$fpl$trapveneer    fz_ws.l(trapv.o)
    0x00002d04   0x00002d04   0x00000000   Code   RO          447    x$fpl$usenofp       fz_ws.l(usenofp.o)
    0x00002d04   0x00002d04   0x00000017   Data   RO           52    .constdata          retarget_io.o
    0x00002d1b   0x00002d1b   0x00000005   PAD
    0x00002d20   0x00002d20   0x00000038   Data   RO          325    .constdata          m_ws.l(log.o)
    0x00002d58   0x00002d58   0x00000008   Data   RO          464    .constdata          m_ws.l(qnan.o)
    0x00002d60   0x00002d60   0x00000020   Data   RO          665    Region$$Table       anon$$obj.o


    Execution Region ER_RW (Exec base: 0x20000000, Load base: 0x00002d80, Size: 0x00000048, Max: 0xffffffff, ABSOLUTE)

    Exec Addr    Load Addr    Size         Type   Attr      Idx    E Section Name        Object

    0x20000000   0x00002d80   0x00000004   Data   RW          371    .data               c_w.l(stdio_streams.o)
    0x20000004   0x00002d84   0x00000004   Data   RW          372    .data               c_w.l(stdio_streams.o)
    0x20000008   0x00002d88   0x00000004   Data   RW          373    .data               c_w.l(stdio_streams.o)
    0x2000000c   0x00002d8c   0x0000003c   Data   RW           36    globalvars          f7_operations.o


    Execution Region ER_ZI (Exec base: 0x20000048, Load base: 0x00002dc8, Size: 0x00001240, Max: 0xffffffff, ABSOLUTE)

    Exec Addr    Load Addr    Size         Type   Attr      Idx    E Section Name        Object

    0x20000048        -       0x000000e4   Zero   RW          300    .bss                c_w.l(rand.o)
    0x2000012c        -       0x00000054   Zero   RW          368    .bss                c_w.l(stdio_streams.o)
    0x20000180        -       0x00000054   Zero   RW          369    .bss                c_w.l(stdio_streams.o)
    0x200001d4        -       0x00000054   Zero   RW          370    .bss                c_w.l(stdio_streams.o)
    0x20000228        -       0x00000060   Zero   RW          468    .bss                c_w.l(libspace.o)
    0x20000288        -       0x00000c00   Zero   RW          142    HEAP                startup_armcm4.o
    0x20000e88        -       0x00000400   Zero   RW          141    STACK               startup_armcm4.o


==============================================================================

Image component sizes


      Code (inc. data)   RO Data    RW Data    ZI Data      Debug   Object Name

       138          0          0          0          0        316   f3_operations.o
       530          0          0          0          0        384   f5_operations.o
      1012          4          0         60          0        504   f7_operations.o
       418         30         23          0          0      10566   retarget_io.o
        56         22        192          0       4096        856   startup_armcm4.o
      1460        192          0          0          0       3227   wrapper.o

    ----------------------------------------------------------------------
      3618        248        252         60       4096      15853   Object Totals
         0          0         32          0          0          0   (incl. Generated)
         4          0          5          0          0          0   (incl. Padding)

    ----------------------------------------------------------------------

      Code (inc. data)   RO Data    RW Data    ZI Data      Debug   Library Member Name

         8          0          0          0          0         68   __main.o
       104          0          0          0          0         84   __printf.o
         0          0          0          0          0          0   __rtentry.o
        12          0          0          0          0          0   __rtentry2.o
         6          0          0          0          0          0   __rtentry4.o
        52          8          0          0          0          0   __scatter.o
        26          0          0          0          0          0   __scatter_copy.o
        28          0          0          0          0          0   __scatter_zi.o
        48          6          0          0          0         96   _printf_char_common.o
        36          4          0          0          0         80   _printf_char_file.o
         6          0          0          0          0          0   _printf_d.o
       120         16          0          0          0         92   _printf_dec.o
       178          0          0          0          0         88   _printf_intcommon.o
         0          0          0          0          0          0   _printf_percent.o
         4          0          0          0          0          0   _printf_percent_end.o
        22          0          0          0          0        100   _rserrno.o
        10          0          0          0          0         68   defsig_exit.o
        50          0          0          0          0         88   defsig_general.o
        80         58          0          0          0         76   defsig_rtmem_inner.o
        14          0          0          0          0         80   defsig_rtmem_outer.o
        52         38          0          0          0         76   defsig_rtred_inner.o
        14          0          0          0          0         80   defsig_rtred_outer.o
        18          0          0          0          0         80   exit.o
        76          0          0          0          0         88   fclose.o
         8          0          0          0          0         68   ferror.o
       470          0          0          0          0         88   flsbuf.o
       236          4          0          0          0        128   fopen.o
        26          0          0          0          0         68   fputc.o
       248          6          0          0          0         84   fseek.o
        66          0          0          0          0         76   ftell.o
        94          0          0          0          0         80   h1_alloc.o
        52          0          0          0          0         68   h1_extend.o
        78          0          0          0          0         80   h1_free.o
        14          0          0          0          0         84   h1_init.o
         6          0          0          0          0        152   heapauxi.o
         4          0          0          0          0        136   hguard.o
         0          0          0          0          0          0   indicate_semi.o
       138          0          0          0          0        168   init_alloc.o
       312         46          0          0          0        112   initio.o
         2          0          0          0          0          0   libinit.o
        18          0          0          0          0          0   libinit2.o
         2          0          0          0          0          0   libshutdown.o
         6          0          0          0          0          0   libshutdown2.o
         8          4          0          0         96         68   libspace.o
         0          0          0          0          0          0   maybetermalloc1.o
        88          0          0          0          0         76   memcmp.o
        24          4          0          0          0         84   noretval__2printf.o
       112         18          0          0        228        160   rand.o
         8          4          0          0          0         68   rt_errno_addr_intlibspace.o
         8          4          0          0          0         68   rt_heap_descriptor_intlibspace.o
        78          0          0          0          0         80   rt_memclr_w.o
         2          0          0          0          0          0   rtexit.o
        10          0          0          0          0          0   rtexit2.o
        70          0          0          0          0         80   setvbuf.o
       240          6          0          0          0        156   stdio.o
         0          0          0         12        252          0   stdio_streams.o
       128          0          0          0          0         68   strcmpv7m.o
        12          4          0          0          0         68   sys_exit.o
        74          0          0          0          0         80   sys_stackheap_outer.o
        14          0          0          0          0         76   sys_wrch.o
         2          0          0          0          0         68   use_no_semi.o
       826         16          0          0          0        348   daddsub_clz.o
        16          4          0          0          0         68   dcheck1.o
        24          0          0          0          0         68   dcmpi.o
       688        140          0          0          0        208   ddiv.o
       120          4          0          0          0         92   deqf.o
        94          4          0          0          0         92   dfix.o
        46          0          0          0          0         68   dflt_clz.o
       120          4          0          0          0         92   dleqf.o
       340         12          0          0          0        104   dmul.o
       156          4          0          0          0         92   dnaninf.o
        12          0          0          0          0         68   dretinf.o
       108          0          0          0          0         80   drleqf.o
       100          0          0          0          0         68   retnan.o
        92          0          0          0          0         68   scalbn.o
        48          0          0          0          0         68   trapv.o
         0          0          0          0          0          0   usenofp.o
       220         16          0          0          0         84   ceil.o
        34          4          0          0          0        204   dunder.o
       860         52         56          0          0        256   log.o
       170          0          0          0          0         96   poly.o
         0          0          8          0          0          0   qnan.o

    ----------------------------------------------------------------------
      7714        490         64         12        576       6060   Library Totals
        18          0          0          0          0          0   (incl. Padding)

    ----------------------------------------------------------------------

      Code (inc. data)   RO Data    RW Data    ZI Data      Debug   Library Name

      3622        230          0         12        576       3836   c_w.l
      2790        188          0          0          0       1584   fz_ws.l
      1284         72         64          0          0        640   m_ws.l

    ----------------------------------------------------------------------
      7714        490         64         12        576       6060   Library Totals

    ----------------------------------------------------------------------

==============================================================================


      Code (inc. data)   RO Data    RW Data    ZI Data      Debug   

     11332        738        316         72       4672      18165   Grand Totals
     11332        738        316         72       4672      18165   ELF Image Totals
     11332        738        316         72          0          0   ROM Totals

==============================================================================

    Total RO  Size (Code + RO Data)                11648 (  11.38kB)
    Total RW  Size (RW Data + ZI Data)              4744 (   4.63kB)
    Total ROM Size (Code + RO Data + RW Data)      11720 (  11.45kB)

==============================================================================

